Component: ARM Compiler 5.06 update 2 (build 183) Tool: armlink [4d35b7]

==============================================================================

Section Cross References

    main.o(.text) refers to _printf_percent.o(.ARM.Collect$$_printf_percent$$00000000) for _printf_percent
    main.o(.text) refers to _printf_f.o(.ARM.Collect$$_printf_percent$$00000003) for _printf_f
    main.o(.text) refers to printf1.o(x$fpl$printf1) for _printf_fp_dec
    main.o(.text) refers to fflti.o(.text) for __aeabi_i2f
    main.o(.text) refers to fmul.o(x$fpl$fmul) for __aeabi_fmul
    main.o(.text) refers to f2d.o(.text) for __aeabi_f2d
    main.o(.text) refers to noretval__2printf.o(.text) for __2printf
    main.o(.text) refers to stm32f0xx_gpio.o(.text) for GPIO_ResetBits
    main.o(.text) refers to ds18b20.o(.text) for DS18B20_Get_Temp
    main.o(.text) refers to delay.o(.text) for delay_init
    main.o(.text) refers to led.o(.text) for LED_Init
    main.o(.text) refers to output.o(.text) for OUTPUT_Init
    main.o(.text) refers to usart1.o(.text) for USART1_Init
    main.o(.text) refers to key.o(.text) for zhSCM_GPIOConfig
    main.o(.text) refers to flash_rw.o(.text) for FLASH_ReadByte
    main.o(.text) refers to main.o(.data) for monitor_temperat_val
    system_stm32f0xx.o(.text) refers to aeabi_sdiv.o(.text) for __aeabi_uidivmod
    system_stm32f0xx.o(.text) refers to system_stm32f0xx.o(.data) for SystemCoreClock
    startup_stm32f0xx.o(STACK) refers (Special) to heapauxi.o(.text) for __use_two_region_memory
    startup_stm32f0xx.o(HEAP) refers (Special) to heapauxi.o(.text) for __use_two_region_memory
    startup_stm32f0xx.o(RESET) refers (Special) to heapauxi.o(.text) for __use_two_region_memory
    startup_stm32f0xx.o(RESET) refers to startup_stm32f0xx.o(STACK) for __initial_sp
    startup_stm32f0xx.o(RESET) refers to startup_stm32f0xx.o(.text) for Reset_Handler
    startup_stm32f0xx.o(RESET) refers to stm32f0xx_it.o(.text) for NMI_Handler
    startup_stm32f0xx.o(RESET) refers to usart1.o(.text) for USART1_IRQHandler
    startup_stm32f0xx.o(.text) refers (Special) to heapauxi.o(.text) for __use_two_region_memory
    startup_stm32f0xx.o(.text) refers to system_stm32f0xx.o(.text) for SystemInit
    startup_stm32f0xx.o(.text) refers to __main.o(!!!main) for __main
    startup_stm32f0xx.o(.text) refers to startup_stm32f0xx.o(HEAP) for Heap_Mem
    startup_stm32f0xx.o(.text) refers to startup_stm32f0xx.o(STACK) for Stack_Mem
    led.o(.text) refers to stm32f0xx_rcc.o(.text) for RCC_AHBPeriphClockCmd
    led.o(.text) refers to stm32f0xx_gpio.o(.text) for GPIO_Init
    usart1.o(.emb_text) refers (Special) to use_no_semi_2.o(.text) for __use_no_semihosting
    usart1.o(.text) refers (Special) to use_no_semi_2.o(.text) for __use_no_semihosting
    usart1.o(.text) refers to stm32f0xx_rcc.o(.text) for RCC_AHBPeriphClockCmd
    usart1.o(.text) refers to stm32f0xx_gpio.o(.text) for GPIO_PinAFConfig
    usart1.o(.text) refers to stm32f0xx_usart.o(.text) for USART_Init
    usart1.o(.text) refers to stm32f0xx_misc.o(.text) for NVIC_Init
    usart1.o(.data) refers (Special) to use_no_semi_2.o(.text) for __use_no_semihosting
    ds18b20.o(.text) refers to stm32f0xx_gpio.o(.text) for GPIO_Init
    ds18b20.o(.text) refers to delay.o(.text) for delay_us
    ds18b20.o(.text) refers to stm32f0xx_rcc.o(.text) for RCC_AHBPeriphClockCmd
    ds18b20.o(.text) refers to dflti.o(.text) for __aeabi_i2d
    ds18b20.o(.text) refers to dmul.o(.text) for __aeabi_dmul
    ds18b20.o(.text) refers to dfixi.o(.text) for __aeabi_d2iz
    output.o(.text) refers to stm32f0xx_rcc.o(.text) for RCC_AHBPeriphClockCmd
    output.o(.text) refers to stm32f0xx_gpio.o(.text) for GPIO_Init
    key.o(.text) refers to stm32f0xx_rcc.o(.text) for RCC_AHBPeriphClockCmd
    key.o(.text) refers to stm32f0xx_gpio.o(.text) for GPIO_Init
    flash_rw.o(.text) refers to stm32f0xx_flash.o(.text) for FLASH_Unlock
    delay.o(.text) refers to stm32f0xx_misc.o(.text) for SysTick_CLKSourceConfig
    delay.o(.text) refers to aeabi_sdiv.o(.text) for __aeabi_uidivmod
    delay.o(.text) refers to system_stm32f0xx.o(.data) for SystemCoreClock
    delay.o(.text) refers to delay.o(.data) for fac_us
    stm32f0xx_gpio.o(.text) refers to stm32f0xx_rcc.o(.text) for RCC_AHBPeriphResetCmd
    stm32f0xx_rcc.o(.text) refers to aeabi_sdiv.o(.text) for __aeabi_uidivmod
    stm32f0xx_rcc.o(.text) refers to stm32f0xx_rcc.o(.data) for APBAHBPrescTable
    stm32f0xx_usart.o(.text) refers to stm32f0xx_rcc.o(.text) for RCC_APB2PeriphResetCmd
    stm32f0xx_usart.o(.text) refers to aeabi_sdiv.o(.text) for __aeabi_uidivmod
    use_no_semi_2.o(.text) refers (Special) to use_no_semi.o(.text) for __use_no_semihosting_swi
    __2printf.o(.text) refers to _printf_char_file.o(.text) for _printf_char_file
    __2printf.o(.text) refers to usart1.o(.data) for __stdout
[...]
    bigflt0.o(.text) refers to btod.o(.text) for _btod_emul
    bigflt0.o(.text) refers to bigflt0.o(.constdata) for .constdata
    bigflt0.o(.constdata) refers (Special) to usenofp.o(x$fpl$usenofp) for __I$use$fp
    btod.o(.text) refers to btod.o(i.__ARM_common_ll_muluu) for __ARM_common_ll_muluu
    lc_numeric_c.o(locale$$data) refers (Special) to libinit2.o(.ARM.Collect$$libinit$$00000016) for __rt_lib_init_lc_numeric_2
    lc_numeric_c.o(locale$$code) refers (Special) to libinit2.o(.ARM.Collect$$libinit$$00000016) for __rt_lib_init_lc_numeric_2
    lc_numeric_c.o(locale$$code) refers to strcmp.o(.text) for strcmp
    lc_numeric_c.o(locale$$code) refers to lc_numeric_c.o(locale$$data) for __lcnum_c_name
    ieee_status.o(.text) refers (Special) to usenofp.o(x$fpl$usenofp) for __I$use$fp
    fpclassify.o(i.__ARM_fpclassify) refers (Special) to usenofp.o(x$fpl$usenofp) for __I$use$fp
    libspace.o(.text) refers to libspace.o(.bss) for __libspace_start
    sys_stackheap_outer.o(.text) refers to libspace.o(.text) for __user_perproc_libspace
    sys_stackheap_outer.o(.text) refers to startup_stm32f0xx.o(.text) for __user_initial_stackheap
    sys_stackheap_outer.o(__vectab_stack_and_reset_area) refers to tempstk.o(.text) for __temporary_stack_top
    sys_stackheap_outer.o(__vectab_stack_and_reset_area) refers to __main.o(!!!main) for __main
    exit.o(.text) refers to rtexit.o(.ARM.Collect$$rtexit$$00000000) for __rt_exit
    defsig_fpe_outer.o(.text) refers to defsig_fpe_inner.o(.text) for __rt_SIGFPE_inner
    defsig_fpe_outer.o(.text) refers to defsig_exit.o(.text) for __sig_exit
    defsig_fpe_formal.o(.text) refers to rt_raise.o(.text) for __rt_raise
    libinit.o(.ARM.Collect$$libinit$$00000000) refers (Special) to libinit2.o(.ARM.Collect$$libinit$$0000002E) for __rt_lib_init_alloca_1
    libinit.o(.ARM.Collect$$libinit$$00000000) refers (Special) to libinit2.o(.ARM.Collect$$libinit$$0000002C) for __rt_lib_init_argv_1
    libinit.o(.ARM.Collect$$libinit$$00000000) refers (Special) to libinit2.o(.ARM.Collect$$libinit$$0000001B) for __rt_lib_init_atexit_1
    libinit.o(.ARM.Collect$$libinit$$00000000) refers (Special) to libinit2.o(.ARM.Collect$$libinit$$00000021) for __rt_lib_init_clock_1
    libinit.o(.ARM.Collect$$libinit$$00000000) refers (Special) to libinit2.o(.ARM.Collect$$libinit$$00000032) for __rt_lib_init_cpp_1
    libinit.o(.ARM.Collect$$libinit$$00000000) refers (Special) to libinit2.o(.ARM.Collect$$libinit$$00000030) for __rt_lib_init_exceptions_1
    libinit.o(.ARM.Collect$$libinit$$00000000) refers (Special) to libinit2.o(.ARM.Collect$$libinit$$00000002) for __rt_lib_init_fp_1
    libinit.o(.ARM.Collect$$libinit$$00000000) refers (Special) to libinit2.o(.ARM.Collect$$libinit$$0000001F) for __rt_lib_init_fp_trap_1
    libinit.o(.ARM.Collect$$libinit$$00000000) refers (Special) to libinit2.o(.ARM.Collect$$libinit$$00000023) for __rt_lib_init_getenv_1
    libinit.o(.ARM.Collect$$libinit$$00000000) refers (Special) to libinit2.o(.ARM.Collect$$libinit$$0000000A) for __rt_lib_init_heap_1
    libinit.o(.ARM.Collect$$libinit$$00000000) refers (Special) to libinit2.o(.ARM.Collect$$libinit$$00000011) for __rt_lib_init_lc_collate_1
    libinit.o(.ARM.Collect$$libinit$$00000000) refers (Special) to libinit2.o(.ARM.Collect$$libinit$$00000013) for __rt_lib_init_lc_ctype_1
    libinit.o(.ARM.Collect$$libinit$$00000000) refers (Special) to libinit2.o(.ARM.Collect$$libinit$$00000015) for __rt_lib_init_lc_monetary_1
    libinit.o(.ARM.Collect$$libinit$$00000000) refers (Special) to libinit2.o(.ARM.Collect$$libinit$$00000017) for __rt_lib_init_lc_numeric_1
    libinit.o(.ARM.Collect$$libinit$$00000000) refers (Special) to libinit2.o(.ARM.Collect$$libinit$$00000019) for __rt_lib_init_lc_time_1
    libinit.o(.ARM.Collect$$libinit$$00000000) refers (Special) to libinit2.o(.ARM.Collect$$libinit$$00000004) for __rt_lib_init_preinit_1
    libinit.o(.ARM.Collect$$libinit$$00000000) refers (Special) to libinit2.o(.ARM.Collect$$libinit$$0000000E) for __rt_lib_init_rand_1
    libinit.o(.ARM.Collect$$libinit$$00000000) refers (Special) to libinit2.o(.ARM.Collect$$libinit$$00000033) for __rt_lib_init_return
    libinit.o(.ARM.Collect$$libinit$$00000000) refers (Special) to libinit2.o(.ARM.Collect$$libinit$$0000001D) for __rt_lib_init_signal_1
    libinit.o(.ARM.Collect$$libinit$$00000000) refers (Special) to libinit2.o(.ARM.Collect$$libinit$$00000025) for __rt_lib_init_stdio_1
    libinit.o(.ARM.Collect$$libinit$$00000000) refers (Special) to libinit2.o(.ARM.Collect$$libinit$$0000000C) for __rt_lib_init_user_alloc_1
    libinit2.o(.ARM.Collect$$libinit$$0000000F) refers (Weak) to rt_locale_intlibspace.o(.text) for __rt_locale
    libinit2.o(.ARM.Collect$$libinit$$00000010) refers to libinit2.o(.ARM.Collect$$libinit$$0000000F) for .ARM.Collect$$libinit$$0000000F
    libinit2.o(.ARM.Collect$$libinit$$00000012) refers to libinit2.o(.ARM.Collect$$libinit$$0000000F) for .ARM.Collect$$libinit$$0000000F
    libinit2.o(.ARM.Collect$$libinit$$00000014) refers to libinit2.o(.ARM.Collect$$libinit$$0000000F) for .ARM.Collect$$libinit$$0000000F
    libinit2.o(.ARM.Collect$$libinit$$00000016) refers to libinit2.o(.ARM.Collect$$libinit$$0000000F) for .ARM.Collect$$libinit$$0000000F
    libinit2.o(.ARM.Collect$$libinit$$00000016) refers (Weak) to lc_numeric_c.o(locale$$code) for _get_lc_numeric
    libinit2.o(.ARM.Collect$$libinit$$00000018) refers to libinit2.o(.ARM.Collect$$libinit$$0000000F) for .ARM.Collect$$libinit$$0000000F
    libinit2.o(.ARM.Collect$$libinit$$00000026) refers to argv_veneer.o(.text) for __ARM_argv_veneer
    libinit2.o(.ARM.Collect$$libinit$$00000027) refers to argv_veneer.o(.text) for __ARM_argv_veneer
    rtexit.o(.ARM.Collect$$rtexit$$00000000) refers (Special) to rtexit2.o(.ARM.Collect$$rtexit$$00000004) for __rt_exit_exit
    rtexit.o(.ARM.Collect$$rtexit$$00000000) refers (Special) to rtexit2.o(.ARM.Collect$$rtexit$$00000003) for __rt_exit_ls
    rtexit.o(.ARM.Collect$$rtexit$$00000000) refers (Special) to rtexit2.o(.ARM.Collect$$rtexit$$00000002) for __rt_exit_prels_1
    rtexit.o(.ARM.exidx) refers (Special) to rtexit2.o(.ARM.Collect$$rtexit$$00000004) for __rt_exit_exit
    rtexit.o(.ARM.exidx) refers (Special) to rtexit2.o(.ARM.Collect$$rtexit$$00000003) for __rt_exit_ls
    rtexit.o(.ARM.exidx) refers (Special) to rtexit2.o(.ARM.Collect$$rtexit$$00000002) for __rt_exit_prels_1
    rtexit.o(.ARM.exidx) refers to rtexit.o(.ARM.Collect$$rtexit$$00000000) for .ARM.Collect$$rtexit$$00000000
    rt_raise.o(.text) refers to __raise.o(.text) for __raise
    rt_raise.o(.text) refers to usart1.o(.text) for _sys_exit
    defsig_exit.o(.text) refers to usart1.o(.text) for _sys_exit
    defsig_fpe_inner.o(.text) refers to defsig_general.o(.text) for __default_signal_display
    rtexit2.o(.ARM.Collect$$rtexit$$00000003) refers to libshutdown.o(.ARM.Collect$$libshutdown$$00000000) for __rt_lib_shutdown
    rtexit2.o(.ARM.Collect$$rtexit$$00000004) refers to usart1.o(.text) for _sys_exit
    rtexit2.o(.ARM.exidx) refers to rtexit2.o(.ARM.Collect$$rtexit$$00000001) for .ARM.Collect$$rtexit$$00000001
    rtexit2.o(.ARM.exidx) refers to rtexit2.o(.ARM.Collect$$rtexit$$00000003) for .ARM.Collect$$rtexit$$00000003
    rtexit2.o(.ARM.exidx) refers to rtexit2.o(.ARM.Collect$$rtexit$$00000004) for .ARM.Collect$$rtexit$$00000004
    __raise.o(.text) refers to defsig.o(CL$$defsig) for __default_signal_handler
    defsig_general.o(.text) refers to sys_wrch.o(.text) for _ttywrch
    _get_argv_nomalloc.o(.text) refers (Special) to hrguard.o(.text) for __heap_region$guard
    _get_argv_nomalloc.o(.text) refers to defsig_rtmem_outer.o(.text) for __rt_SIGRTMEM
    _get_argv_nomalloc.o(.text) refers to sys_command.o(.text) for _sys_command_string
    sys_wrch.o(.text) refers (Special) to use_no_semi.o(.text) for __I$use$semihosting
    sys_wrch.o(.text) refers (Special) to indicate_semi.o(.text) for __semihosting_library_function
    sys_command.o(.text) refers (Special) to use_no_semi.o(.text) for __I$use$semihosting
    sys_command.o(.text) refers (Special) to indicate_semi.o(.text) for __semihosting_library_function
    defsig_rtmem_outer.o(.text) refers to defsig_rtmem_inner.o(.text) for __rt_SIGRTMEM_inner
    defsig_rtmem_outer.o(.text) refers to defsig_exit.o(.text) for __sig_exit
    defsig_rtmem_formal.o(.text) refers to rt_raise.o(.text) for __rt_raise
    defsig.o(CL$$defsig) refers to defsig_fpe_inner.o(.text) for __rt_SIGFPE_inner
    defsig.o(CL$$defsig) refers to defsig_rtmem_inner.o(.text) for __rt_SIGRTMEM_inner
    libshutdown.o(.ARM.Collect$$libshutdown$$00000000) refers (Special) to libshutdown2.o(.ARM.Collect$$libshutdown$$00000002) for __rt_lib_shutdown_cpp_1
    libshutdown.o(.ARM.Collect$$libshutdown$$00000000) refers (Special) to libshutdown2.o(.ARM.Collect$$libshutdown$$00000007) for __rt_lib_shutdown_fp_trap_1
    libshutdown.o(.ARM.Collect$$libshutdown$$00000000) refers (Special) to libshutdown2.o(.ARM.Collect$$libshutdown$$0000000F) for __rt_lib_shutdown_heap_1
    libshutdown.o(.ARM.Collect$$libshutdown$$00000000) refers (Special) to libshutdown2.o(.ARM.Collect$$libshutdown$$00000010) for __rt_lib_shutdown_return
    libshutdown.o(.ARM.Collect$$libshutdown$$00000000) refers (Special) to libshutdown2.o(.ARM.Collect$$libshutdown$$0000000A) for __rt_lib_shutdown_signal_1
    libshutdown.o(.ARM.Collect$$libshutdown$$00000000) refers (Special) to libshutdown2.o(.ARM.Collect$$libshutdown$$00000004) for __rt_lib_shutdown_stdio_1
    libshutdown.o(.ARM.Collect$$libshutdown$$00000000) refers (Special) to libshutdown2.o(.ARM.Collect$$libshutdown$$0000000C) for __rt_lib_shutdown_user_alloc_1
    defsig_abrt_inner.o(.text) refers to defsig_general.o(.text) for __default_signal_display
    defsig_rtred_inner.o(.text) refers to defsig_general.o(.text) for __default_signal_display
    defsig_rtmem_inner.o(.text) refers to defsig_general.o(.text) for __default_signal_display
    defsig_stak_inner.o(.text) refers to defsig_general.o(.text) for __default_signal_display
    defsig_pvfn_inner.o(.text) refers to defsig_general.o(.text) for __default_signal_display
    defsig_cppl_inner.o(.text) refers to defsig_general.o(.text) for __default_signal_display
    defsig_segv_inner.o(.text) refers to defsig_general.o(.text) for __default_signal_display
    defsig_other.o(.text) refers to defsig_general.o(.text) for __default_signal_display


==============================================================================

Removing Unused input sections from the image.

    Removing main.o(.emb_text), (8 bytes).
    Removing stm32f0xx_it.o(.emb_text), (8 bytes).
    Removing system_stm32f0xx.o(.emb_text), (8 bytes).
    Removing led.o(.emb_text), (8 bytes).
    Removing usart1.o(.emb_text), (8 bytes).
    Removing ds18b20.o(.emb_text), (8 bytes).
    Removing output.o(.emb_text), (8 bytes).
    Removing key.o(.emb_text), (8 bytes).
    Removing flash_rw.o(.emb_text), (8 bytes).
    Removing delay.o(.emb_text), (8 bytes).
    Removing stm32f0xx_gpio.o(.emb_text), (8 bytes).
    Removing stm32f0xx_rcc.o(.emb_text), (8 bytes).
    Removing stm32f0xx_misc.o(.emb_text), (8 bytes).
    Removing stm32f0xx_usart.o(.emb_text), (8 bytes).
    Removing stm32f0xx_flash.o(.emb_text), (8 bytes).

15 unused section(s) (total 120 bytes) removed from the image.

==============================================================================

Image Symbol Table

    Local Symbols

    Symbol Name                              Value     Ov Type        Size  Object(Section)

    ../clib/angel/boardlib.s                 0x00000000   Number         0  boardshut.o ABSOLUTE
    ../clib/angel/boardlib.s                 0x00000000   Number         0  boardinit1.o ABSOLUTE
    ../clib/angel/boardlib.s                 0x00000000   Number         0  boardinit2.o ABSOLUTE
    ../clib/angel/boardlib.s                 0x00000000   Number         0  boardinit3.o ABSOLUTE
    ../clib/angel/handlers.s                 0x00000000   Number         0  __scatter_copy.o ABSOLUTE
    ../clib/angel/handlers.s                 0x00000000   Number         0  __scatter_zi.o ABSOLUTE
    ../clib/angel/kernel.s                   0x00000000   Number         0  rtexit.o ABSOLUTE
    ../clib/angel/kernel.s                   0x00000000   Number         0  __rtentry2.o ABSOLUTE
    ../clib/angel/kernel.s                   0x00000000   Number         0  __rtentry4.o ABSOLUTE
    ../clib/angel/kernel.s                   0x00000000   Number         0  __rtentry.o ABSOLUTE
    ../clib/angel/kernel.s                   0x00000000   Number         0  rtexit2.o ABSOLUTE
    ../clib/angel/rt.s                       0x00000000   Number         0  rt_raise.o ABSOLUTE
    ../clib/angel/rt.s                       0x00000000   Number         0  aeabi_idiv0.o ABSOLUTE
    ../clib/angel/rt.s                       0x00000000   Number         0  rt_div0.o ABSOLUTE
    ../clib/angel/rt.s                       0x00000000   Number         0  rt_locale.o ABSOLUTE
    ../clib/angel/rt.s                       0x00000000   Number         0  rt_locale_intlibspace.o ABSOLUTE
    ../clib/angel/rt.s                       0x00000000   Number         0  aeabi_idiv0_sigfpe.o ABSOLUTE
    ../clib/angel/scatterp.s                 0x00000000   Number         0  __scatter.o ABSOLUTE
    ../clib/angel/startup.s                  0x00000000   Number         0  __main.o ABSOLUTE
    ../clib/angel/sys.s                      0x00000000   Number         0  use_no_semi_2.o ABSOLUTE
    ../clib/angel/sys.s                      0x00000000   Number         0  indicate_semi.o ABSOLUTE
    ../clib/angel/sys.s                      0x00000000   Number         0  use_no_semi.o ABSOLUTE
    ../clib/angel/sys.s                      0x00000000   Number         0  sys_stackheap_outer.o ABSOLUTE
    ../clib/angel/sys.s                      0x00000000   Number         0  libspace.o ABSOLUTE
    ../clib/angel/sys.s                      0x00000000   Number         0  tempstk.o ABSOLUTE
    ../clib/angel/sysapp.c                   0x00000000   Number         0  sys_command.o ABSOLUTE
    ../clib/angel/sysapp.c                   0x00000000   Number         0  sys_wrch.o ABSOLUTE
    ../clib/armsys.c                         0x00000000   Number         0  _get_argv_nomalloc.o ABSOLUTE
    ../clib/armsys.c                         0x00000000   Number         0  no_argv.o ABSOLUTE
    ../clib/armsys.c                         0x00000000   Number         0  argv_veneer.o ABSOLUTE
    ../clib/bigflt.c                         0x00000000   Number         0  bigflt0.o ABSOLUTE
    ../clib/btod.c                           0x00000000   Number         0  btod.o ABSOLUTE
    ../clib/division.c                       0x00000000   Number         0  rtudiv10.o ABSOLUTE
    ../clib/division.c                       0x00000000   Number         0  lludiv10.o ABSOLUTE
    ../clib/division.s                       0x00000000   Number         0  aeabi_sdiv_div0.o ABSOLUTE
    ../clib/division.s                       0x00000000   Number         0  aeabi_sdiv.o ABSOLUTE
    ../clib/heapalloc.c                      0x00000000   Number         0  hrguard.o ABSOLUTE
    ../clib/heapaux.c                        0x00000000   Number         0  heapauxi.o ABSOLUTE
    ../clib/libinit.s                        0x00000000   Number         0  libshutdown.o ABSOLUTE
    ../clib/libinit.s                        0x00000000   Number         0  libinit.o ABSOLUTE
    ../clib/libinit.s                        0x00000000   Number         0  libshutdown2.o ABSOLUTE
    ../clib/libinit.s                        0x00000000   Number         0  libinit2.o ABSOLUTE
    ../clib/locale.s                         0x00000000   Number         0  lc_numeric_c.o ABSOLUTE
    ../clib/misc.s                           0x00000000   Number         0  printf_stubs.o ABSOLUTE
    ../clib/printf.c                         0x00000000   Number         0  __printf_nopercent.o ABSOLUTE
    ../clib/printf.c                         0x00000000   Number         0  _printf_fp_infnan.o ABSOLUTE
    ../clib/printf.c                         0x00000000   Number         0  _printf_fp_dec.o ABSOLUTE
    ../clib/printf.c                         0x00000000   Number         0  __printf_flags_ss_wp.o ABSOLUTE
    ../clib/printf.c                         0x00000000   Number         0  __printf_ss_wp.o ABSOLUTE
    ../clib/printf.c                         0x00000000   Number         0  _printf_char_common.o ABSOLUTE
    ../clib/printf.c                         0x00000000   Number         0  __2printf.o ABSOLUTE
    ../clib/printf.c                         0x00000000   Number         0  noretval__2printf.o ABSOLUTE
    ../clib/printf.c                         0x00000000   Number         0  __printf.o ABSOLUTE
    ../clib/printf.c                         0x00000000   Number         0  __printf_flags_wp.o ABSOLUTE
    ../clib/printf.c                         0x00000000   Number         0  _printf_char_file.o ABSOLUTE
    ../clib/printf.c                         0x00000000   Number         0  __printf_wp.o ABSOLUTE
    ../clib/printf.c                         0x00000000   Number         0  __printf_flags_ss.o ABSOLUTE
    ../clib/printf.c                         0x00000000   Number         0  __printf_ss.o ABSOLUTE
    ../clib/printf.c                         0x00000000   Number         0  __printf_flags.o ABSOLUTE
    ../clib/printf_percent.s                 0x00000000   Number         0  _printf_f.o ABSOLUTE
    ../clib/printf_percent.s                 0x00000000   Number         0  _printf_percent.o ABSOLUTE
    ../clib/printf_percent.s                 0x00000000   Number         0  _printf_percent_end.o ABSOLUTE
    ../clib/signal.c                         0x00000000   Number         0  defsig_other.o ABSOLUTE
    ../clib/signal.c                         0x00000000   Number         0  defsig_segv_inner.o ABSOLUTE
    ../clib/signal.c                         0x00000000   Number         0  defsig_cppl_inner.o ABSOLUTE
    ../clib/signal.c                         0x00000000   Number         0  defsig_fpe_formal.o ABSOLUTE
    ../clib/signal.c                         0x00000000   Number         0  defsig_pvfn_inner.o ABSOLUTE
    ../clib/signal.c                         0x00000000   Number         0  defsig_stak_inner.o ABSOLUTE
    ../clib/signal.c                         0x00000000   Number         0  defsig_abrt_inner.o ABSOLUTE
    ../clib/signal.c                         0x00000000   Number         0  defsig_rtred_inner.o ABSOLUTE
    ../clib/signal.c                         0x00000000   Number         0  defsig_exit.o ABSOLUTE
    ../clib/signal.c                         0x00000000   Number         0  defsig_rtmem_inner.o ABSOLUTE
    ../clib/signal.c                         0x00000000   Number         0  defsig_fpe_inner.o ABSOLUTE
    ../clib/signal.c                         0x00000000   Number         0  defsig_general.o ABSOLUTE
    ../clib/signal.c                         0x00000000   Number         0  __raise.o ABSOLUTE
    ../clib/signal.c                         0x00000000   Number         0  defsig_rtmem_formal.o ABSOLUTE
    ../clib/signal.c                         0x00000000   Number         0  defsig_fpe_outer.o ABSOLUTE
    ../clib/signal.c                         0x00000000   Number         0  defsig_rtmem_outer.o ABSOLUTE
    ../clib/signal.s                         0x00000000   Number         0  defsig.o ABSOLUTE
    ../clib/stdio.c                          0x00000000   Number         0  ferror.o ABSOLUTE
    ../clib/stdio.c                          0x00000000   Number         0  ferror_locked.o ABSOLUTE
    ../clib/stdlib.c                         0x00000000   Number         0  exit.o ABSOLUTE
    ../clib/string.c                         0x00000000   Number         0  strcmp.o ABSOLUTE
    ../fplib/cfplib/dmul.c                   0x00000000   Number         0  dmul.o ABSOLUTE
    ../fplib/cfplib/f2d.c                    0x00000000   Number         0  f2d.o ABSOLUTE
    ../fplib/cfplib/ffix.c                   0x00000000   Number         0  dfixi.o ABSOLUTE
    ../fplib/cfplib/fflt.c                   0x00000000   Number         0  fflti.o ABSOLUTE
    ../fplib/cfplib/fflt.c                   0x00000000   Number         0  dflti.o ABSOLUTE
    ../fplib/cfplib/fpinit.c                 0x00000000   Number         0  fpinit.o ABSOLUTE
    ../fplib/cfplib/ieee_status.c            0x00000000   Number         0  ieee_status.o ABSOLUTE
    ../fplib/fmul6m.s                        0x00000000   Number         0  fmul.o ABSOLUTE
    ../fplib/printf1.s                       0x00000000   Number         0  printf1.o ABSOLUTE
    ../fplib/usenofp.s                       0x00000000   Number         0  usenofp.o ABSOLUTE
    ../mathlib/fpclassify.c                  0x00000000   Number         0  fpclassify.o ABSOLUTE
    ..\CORE\startup_stm32f0xx.s              0x00000000   Number         0  startup_stm32f0xx.o ABSOLUTE
    ..\HARDWARE\USART1.c                     0x00000000   Number         0  usart1.o ABSOLUTE
    ..\HARDWARE\ds18b20.c                    0x00000000   Number         0  ds18b20.o ABSOLUTE
    ..\HARDWARE\flash_rw.c                   0x00000000   Number         0  flash_rw.o ABSOLUTE
    ..\HARDWARE\key.c                        0x00000000   Number         0  key.o ABSOLUTE
    ..\HARDWARE\led.c                        0x00000000   Number         0  led.o ABSOLUTE
    ..\HARDWARE\output.c                     0x00000000   Number         0  output.o ABSOLUTE
    ..\STM32F03x_FWLib\src\stm32f0xx_flash.c 0x00000000   Number         0  stm32f0xx_flash.o ABSOLUTE
    ..\STM32F03x_FWLib\src\stm32f0xx_gpio.c  0x00000000   Number         0  stm32f0xx_gpio.o ABSOLUTE
    ..\STM32F03x_FWLib\src\stm32f0xx_misc.c  0x00000000   Number         0  stm32f0xx_misc.o ABSOLUTE
    ..\STM32F03x_FWLib\src\stm32f0xx_rcc.c   0x00000000   Number         0  stm32f0xx_rcc.o ABSOLUTE
    ..\STM32F03x_FWLib\src\stm32f0xx_usart.c 0x00000000   Number         0  stm32f0xx_usart.o ABSOLUTE
    ..\SYSTEM\delay.c                        0x00000000   Number         0  delay.o ABSOLUTE
    ..\\HARDWARE\\USART1.c                   0x00000000   Number         0  usart1.o ABSOLUTE
    ..\\HARDWARE\\ds18b20.c                  0x00000000   Number         0  ds18b20.o ABSOLUTE
    ..\\HARDWARE\\flash_rw.c                 0x00000000   Number         0  flash_rw.o ABSOLUTE
    ..\\HARDWARE\\key.c                      0x00000000   Number         0  key.o ABSOLUTE
    ..\\HARDWARE\\led.c                      0x00000000   Number         0  led.o ABSOLUTE
    ..\\HARDWARE\\output.c                   0x00000000   Number         0  output.o ABSOLUTE
    ..\\STM32F03x_FWLib\\src\\stm32f0xx_flash.c 0x00000000   Number         0  stm32f0xx_flash.o ABSOLUTE
    ..\\STM32F03x_FWLib\\src\\stm32f0xx_gpio.c 0x00000000   Number         0  stm32f0xx_gpio.o ABSOLUTE
    ..\\STM32F03x_FWLib\\src\\stm32f0xx_misc.c 0x00000000   Number         0  stm32f0xx_misc.o ABSOLUTE
    ..\\STM32F03x_FWLib\\src\\stm32f0xx_rcc.c 0x00000000   Number         0  stm32f0xx_rcc.o ABSOLUTE
    ..\\STM32F03x_FWLib\\src\\stm32f0xx_usart.c 0x00000000   Number         0  stm32f0xx_usart.o ABSOLUTE
    ..\\SYSTEM\\delay.c                      0x00000000   Number         0  delay.o ABSOLUTE
    dc.s                                     0x00000000   Number         0  dc.o ABSOLUTE
    main.c                                   0x00000000   Number         0  main.o ABSOLUTE
    main.c                                   0x00000000   Number         0  main.o ABSOLUTE
    stm32f0xx_it.c                           0x00000000   Number         0  stm32f0xx_it.o ABSOLUTE
    stm32f0xx_it.c                           0x00000000   Number         0  stm32f0xx_it.o ABSOLUTE
    system_stm32f0xx.c                       0x00000000   Number         0  system_stm32f0xx.o ABSOLUTE
    system_stm32f0xx.c                       0x00000000   Number         0  system_stm32f0xx.o ABSOLUTE
    RESET                                    0x08000000   Section      192  startup_stm32f0xx.o(RESET)
    !!!main                                  0x080000c0   Section        8  __main.o(!!!main)
    !!!scatter                               0x080000c8   Section       60  __scatter.o(!!!scatter)
    !!handler_copy                           0x08000104   Section       26  __scatter_copy.o(!!handler_copy)
    !!handler_zi                             0x08000120   Section       28  __scatter_zi.o(!!handler_zi)
    .ARM.Collect$$_printf_percent$$00000000  0x0800013c   Section        2  _printf_percent.o(.ARM.Collect$$_printf_percent$$00000000)
    .ARM.Collect$$_printf_percent$$00000003  0x0800013e   Section       10  _printf_f.o(.ARM.Collect$$_printf_percent$$00000003)
    .ARM.Collect$$_printf_percent$$00000017  0x08000148   Section        4  _printf_percent_end.o(.ARM.Collect$$_printf_percent$$00000017)
    .ARM.Collect$$libinit$$00000000          0x0800014c   Section        2  libinit.o(.ARM.Collect$$libinit$$00000000)
    .ARM.Collect$$libinit$$00000002          0x0800014e   Section        0  libinit2.o(.ARM.Collect$$libinit$$00000002)
    .ARM.Collect$$libinit$$00000004          0x0800014e   Section        0  libinit2.o(.ARM.Collect$$libinit$$00000004)
    .ARM.Collect$$libinit$$0000000A          0x0800014e   Section        0  libinit2.o(.ARM.Collect$$libinit$$0000000A)
    .ARM.Collect$$libinit$$0000000C          0x0800014e   Section        0  libinit2.o(.ARM.Collect$$libinit$$0000000C)
    .ARM.Collect$$libinit$$0000000E          0x0800014e   Section        0  libinit2.o(.ARM.Collect$$libinit$$0000000E)
    .ARM.Collect$$libinit$$0000000F          0x0800014e   Section        6  libinit2.o(.ARM.Collect$$libinit$$0000000F)
    .ARM.Collect$$libinit$$00000011          0x08000154   Section        0  libinit2.o(.ARM.Collect$$libinit$$00000011)
    .ARM.Collect$$libinit$$00000013          0x08000154   Section        0  libinit2.o(.ARM.Collect$$libinit$$00000013)
    .ARM.Collect$$libinit$$00000015          0x08000154   Section        0  libinit2.o(.ARM.Collect$$libinit$$00000015)
    .ARM.Collect$$libinit$$00000016          0x08000154   Section       10  libinit2.o(.ARM.Collect$$libinit$$00000016)
    .ARM.Collect$$libinit$$00000017          0x0800015e   Section        0  libinit2.o(.ARM.Collect$$libinit$$00000017)
    .ARM.Collect$$libinit$$00000019          0x0800015e   Section        0  libinit2.o(.ARM.Collect$$libinit$$00000019)
    .ARM.Collect$$libinit$$0000001B          0x0800015e   Section        0  libinit2.o(.ARM.Collect$$libinit$$0000001B)
    .ARM.Collect$$libinit$$0000001D          0x0800015e   Section        0  libinit2.o(.ARM.Collect$$libinit$$0000001D)
    .ARM.Collect$$libinit$$0000001F          0x0800015e   Section        0  libinit2.o(.ARM.Collect$$libinit$$0000001F)
    .ARM.Collect$$libinit$$00000021          0x0800015e   Section        0  libinit2.o(.ARM.Collect$$libinit$$00000021)
    .ARM.Collect$$libinit$$00000023          0x0800015e   Section        0  libinit2.o(.ARM.Collect$$libinit$$00000023)
    .ARM.Collect$$libinit$$00000025          0x0800015e   Section        0  libinit2.o(.ARM.Collect$$libinit$$00000025)
    .ARM.Collect$$libinit$$0000002C          0x0800015e   Section        0  libinit2.o(.ARM.Collect$$libinit$$0000002C)
    .ARM.Collect$$libinit$$0000002E          0x0800015e   Section        0  libinit2.o(.ARM.Collect$$libinit$$0000002E)
    .ARM.Collect$$libinit$$00000030          0x0800015e   Section        0  libinit2.o(.ARM.Collect$$libinit$$00000030)
    .ARM.Collect$$libinit$$00000032          0x0800015e   Section        0  libinit2.o(.ARM.Collect$$libinit$$00000032)
    .ARM.Collect$$libinit$$00000033          0x0800015e   Section        2  libinit2.o(.ARM.Collect$$libinit$$00000033)
    .ARM.Collect$$libshutdown$$00000000      0x08000160   Section        2  libshutdown.o(.ARM.Collect$$libshutdown$$00000000)
    .ARM.Collect$$libshutdown$$00000002      0x08000162   Section        0  libshutdown2.o(.ARM.Collect$$libshutdown$$00000002)
    .ARM.Collect$$libshutdown$$00000004      0x08000162   Section        0  libshutdown2.o(.ARM.Collect$$libshutdown$$00000004)
    .ARM.Collect$$libshutdown$$00000007      0x08000162   Section        0  libshutdown2.o(.ARM.Collect$$libshutdown$$00000007)
    .ARM.Collect$$libshutdown$$0000000A      0x08000162   Section        0  libshutdown2.o(.ARM.Collect$$libshutdown$$0000000A)
    .ARM.Collect$$libshutdown$$0000000C      0x08000162   Section        0  libshutdown2.o(.ARM.Collect$$libshutdown$$0000000C)
    .ARM.Collect$$libshutdown$$0000000F      0x08000162   Section        0  libshutdown2.o(.ARM.Collect$$libshutdown$$0000000F)
    .ARM.Collect$$libshutdown$$00000010      0x08000162   Section        2  libshutdown2.o(.ARM.Collect$$libshutdown$$00000010)
    .ARM.Collect$$rtentry$$00000000          0x08000164   Section        0  __rtentry.o(.ARM.Collect$$rtentry$$00000000)
    .ARM.Collect$$rtentry$$00000002          0x08000164   Section        0  __rtentry2.o(.ARM.Collect$$rtentry$$00000002)
    .ARM.Collect$$rtentry$$00000004          0x08000164   Section        6  __rtentry4.o(.ARM.Collect$$rtentry$$00000004)
    .ARM.Collect$$rtentry$$00000009          0x0800016a   Section        0  __rtentry2.o(.ARM.Collect$$rtentry$$00000009)
    .ARM.Collect$$rtentry$$0000000A          0x0800016a   Section        4  __rtentry2.o(.ARM.Collect$$rtentry$$0000000A)
    .ARM.Collect$$rtentry$$0000000C          0x0800016e   Section        0  __rtentry2.o(.ARM.Collect$$rtentry$$0000000C)
    .ARM.Collect$$rtentry$$0000000D          0x0800016e   Section        8  __rtentry2.o(.ARM.Collect$$rtentry$$0000000D)
    .ARM.Collect$$rtexit$$00000000           0x08000176   Section        2  rtexit.o(.ARM.Collect$$rtexit$$00000000)
    .ARM.Collect$$rtexit$$00000002           0x08000178   Section        0  rtexit2.o(.ARM.Collect$$rtexit$$00000002)
    .ARM.Collect$$rtexit$$00000003           0x08000178   Section        4  rtexit2.o(.ARM.Collect$$rtexit$$00000003)
    .ARM.Collect$$rtexit$$00000004           0x0800017c   Section        6  rtexit2.o(.ARM.Collect$$rtexit$$00000004)
    .text                                    0x08000184   Section        0  main.o(.text)
    .text                                    0x0800047c   Section        0  stm32f0xx_it.o(.text)
    .text                                    0x08000488   Section        0  system_stm32f0xx.o(.text)
    SetSysClock                              0x08000489   Thumb Code   206  system_stm32f0xx.o(.text)
    .text                                    0x08000680   Section       56  startup_stm32f0xx.o(.text)
    .text                                    0x080006b8   Section        0  led.o(.text)
    .text                                    0x080006e4   Section        0  usart1.o(.text)
    .text                                    0x080007c4   Section        0  ds18b20.o(.text)
    .text                                    0x08000a48   Section        0  output.o(.text)
    .text                                    0x08000a94   Section        0  key.o(.text)
    .text                                    0x08000b44   Section        0  flash_rw.o(.text)
    .text                                    0x08000ba8   Section        0  delay.o(.text)
    .text                                    0x08000c7c   Section        0  stm32f0xx_gpio.o(.text)
    .text                                    0x08000e6c   Section        0  stm32f0xx_rcc.o(.text)
    .text                                    0x08001464   Section        0  stm32f0xx_misc.o(.text)
    .text                                    0x08001518   Section        0  stm32f0xx_usart.o(.text)
    .text                                    0x08001a8c   Section        0  stm32f0xx_flash.o(.text)
    .text                                    0x08002074   Section        2  use_no_semi_2.o(.text)
    .text                                    0x08002078   Section        0  noretval__2printf.o(.text)
    .text                                    0x08002094   Section        0  __printf_flags_wp.o(.text)
    .text                                    0x080021cc   Section      346  aeabi_sdiv.o(.text)
    .text                                    0x08002326   Section        0  heapauxi.o(.text)
    .text                                    0x0800232c   Section        0  dfixi.o(.text)
    .text                                    0x08002398   Section        0  dflti.o(.text)
    .text                                    0x080023f0   Section        0  dmul.o(.text)
    .text                                    0x08002638   Section        0  f2d.o(.text)
    .text                                    0x0800268c   Section        0  fflti.o(.text)
    .text                                    0x080026ea   Section        2  use_no_semi.o(.text)
    .text                                    0x080026ec   Section        0  _printf_fp_dec.o(.text)
    _fp_digits                               0x080026ef   Thumb Code   408  _printf_fp_dec.o(.text)
    .text                                    0x08002b00   Section        0  _printf_char_file.o(.text)
    .text                                    0x08002b28   Section        8  rt_locale_intlibspace.o(.text)
    .text                                    0x08002b30   Section        0  lludiv10.o(.text)
    .text                                    0x08002bac   Section        0  _printf_char_common.o(.text)
    _printf_input_char                       0x08002bad   Thumb Code    10  _printf_char_common.o(.text)
    .text                                    0x08002bdc   Section        0  _printf_fp_infnan.o(.text)
    .text                                    0x08002c64   Section        0  bigflt0.o(.text)
    .text                                    0x08002d2c   Section        0  btod.o(.text)
    btod_internal_mul                        0x08002d6d   Thumb Code   456  btod.o(.text)
    btod_internal_div                        0x08002f35   Thumb Code   494  btod.o(.text)
    .text                                    0x080031d4   Section        0  ferror.o(.text)
    .text                                    0x080031dc   Section        0  rtudiv10.o(.text)
    .text                                    0x08003204   Section        8  libspace.o(.text)
    .text                                    0x0800320c   Section       62  sys_stackheap_outer.o(.text)
    .text                                    0x0800324a   Section        0  exit.o(.text)
    .text                                    0x0800325c   Section        0  strcmp.o(.text)
    i.__ARM_common_ll_muluu                  0x080032e4   Section        0  btod.o(i.__ARM_common_ll_muluu)
    i.__ARM_fpclassify                       0x08003314   Section        0  fpclassify.o(i.__ARM_fpclassify)
    i._is_digit                              0x08003340   Section        0  __printf_wp.o(i._is_digit)
    locale$$code                             0x08003350   Section       44  lc_numeric_c.o(locale$$code)
    x$fpl$fmul                               0x0800337c   Section      176  fmul.o(x$fpl$fmul)
    x$fpl$printf1                            0x0800342c   Section       16  printf1.o(x$fpl$printf1)
    .constdata                               0x0800343c   Section       17  __printf_flags_wp.o(.constdata)
    x$fpl$usenofp                            0x0800343c   Section        0  usenofp.o(x$fpl$usenofp)
    maptable                                 0x0800343c   Data          17  __printf_flags_wp.o(.constdata)
    .constdata                               0x08003450   Section      148  bigflt0.o(.constdata)
    tenpwrs_x                                0x08003450   Data          60  bigflt0.o(.constdata)
    tenpwrs_i                                0x0800348c   Data          64  bigflt0.o(.constdata)
    locale$$data                             0x08003504   Section       28  lc_numeric_c.o(locale$$data)
    __lcnum_c_name                           0x08003508   Data           2  lc_numeric_c.o(locale$$data)
    __lcnum_c_start                          0x08003510   Data           0  lc_numeric_c.o(locale$$data)
    __lcnum_c_point                          0x0800351c   Data           0  lc_numeric_c.o(locale$$data)
    __lcnum_c_thousands                      0x0800351e   Data           0  lc_numeric_c.o(locale$$data)
    __lcnum_c_grouping                       0x0800351f   Data           0  lc_numeric_c.o(locale$$data)
    __lcnum_c_end                            0x08003520   Data           0  lc_numeric_c.o(locale$$data)
    .data                                    0x20000000   Section       28  main.o(.data)
    nnn                                      0x20000018   Data           4  main.o(.data)
    .data                                    0x2000001c   Section       20  system_stm32f0xx.o(.data)
    .data                                    0x20000030   Section        4  usart1.o(.data)
    .data                                    0x20000034   Section        4  delay.o(.data)
    fac_us                                   0x20000034   Data           1  delay.o(.data)
    fac_ms                                   0x20000036   Data           2  delay.o(.data)
    .data                                    0x20000038   Section       16  stm32f0xx_rcc.o(.data)
    APBAHBPrescTable                         0x20000038   Data          16  stm32f0xx_rcc.o(.data)
    .bss                                     0x20000048   Section       96  libspace.o(.bss)
    HEAP                                     0x200000a8   Section      512  startup_stm32f0xx.o(HEAP)
    Heap_Mem                                 0x200000a8   Data         512  startup_stm32f0xx.o(HEAP)
    STACK                                    0x200002a8   Section     1024  startup_stm32f0xx.o(STACK)
    Stack_Mem                                0x200002a8   Data        1024  startup_stm32f0xx.o(STACK)
    __initial_sp                             0x200006a8   Data           0  startup_stm32f0xx.o(STACK)

    Global Symbols

    Symbol Name                              Value     Ov Type        Size  Object(Section)

    BuildAttributes$$THM_ISAv3M$S$PE$A:L22$X:L11$S22$IEEE1$IW$USESV6$~STKCKD$USESV7$~SHL$OTIME$ROPI$IEEEJ$EBA8$UX$STANDARDLIB$REQ8$PRES8$EABIv2 0x00000000   Number         0  anon$$obj.o ABSOLUTE
    __ARM_use_no_argv                        0x00000000   Number         0  main.o ABSOLUTE
    _printf_flags                            0x00000000   Number         0  printf_stubs.o ABSOLUTE
    _printf_return_value                     0x00000000   Number         0  printf_stubs.o ABSOLUTE
    _printf_sizespec                         0x00000000   Number         0  printf_stubs.o ABSOLUTE
    _printf_widthprec                        0x00000000   Number         0  printf_stubs.o ABSOLUTE
    __ARM_exceptions_init                     - Undefined Weak Reference
    __alloca_initialize                       - Undefined Weak Reference
    __arm_preinit_                            - Undefined Weak Reference
    __cpp_initialize__aeabi_                  - Undefined Weak Reference
    __cxa_finalize                            - Undefined Weak Reference
    __sigvec_lookup                           - Undefined Weak Reference
    _atexit_init                              - Undefined Weak Reference
    _call_atexit_fns                          - Undefined Weak Reference
    _clock_init                               - Undefined Weak Reference
    _fp_trap_init                             - Undefined Weak Reference
    _fp_trap_shutdown                         - Undefined Weak Reference
    _get_lc_collate                           - Undefined Weak Reference
    _get_lc_ctype                             - Undefined Weak Reference
    _get_lc_monetary                          - Undefined Weak Reference
    _get_lc_time                              - Undefined Weak Reference
    _getenv_init                              - Undefined Weak Reference
    _handle_redirection                       - Undefined Weak Reference
    _init_alloc                               - Undefined Weak Reference
    _init_user_alloc                          - Undefined Weak Reference
    _initio                                   - Undefined Weak Reference
    _mutex_acquire                            - Undefined Weak Reference
    _mutex_release                            - Undefined Weak Reference
    _printf_post_padding                      - Undefined Weak Reference
    _printf_pre_padding                       - Undefined Weak Reference
    _rand_init                                - Undefined Weak Reference
    _signal_finish                            - Undefined Weak Reference
    _signal_init                              - Undefined Weak Reference
    _terminate_alloc                          - Undefined Weak Reference
    _terminate_user_alloc                     - Undefined Weak Reference
    _terminateio                              - Undefined Weak Reference
    __Vectors_Size                           0x000000c0   Number         0  startup_stm32f0xx.o ABSOLUTE
    __Vectors                                0x08000000   Data           4  startup_stm32f0xx.o(RESET)
    __Vectors_End                            0x080000c0   Data           0  startup_stm32f0xx.o(RESET)
    __main                                   0x080000c1   Thumb Code     8  __main.o(!!!main)
    __scatterload                            0x080000c9   Thumb Code     0  __scatter.o(!!!scatter)
    __scatterload_rt2                        0x080000c9   Thumb Code    52  __scatter.o(!!!scatter)
    __scatterload_rt2_thumb_only             0x080000c9   Thumb Code     0  __scatter.o(!!!scatter)
    __scatterload_null                       0x080000d9   Thumb Code     0  __scatter.o(!!!scatter)
    __scatterload_copy                       0x08000105   Thumb Code    26  __scatter_copy.o(!!handler_copy)
    __scatterload_zeroinit                   0x08000121   Thumb Code    28  __scatter_zi.o(!!handler_zi)
    _printf_percent                          0x0800013d   Thumb Code     0  _printf_percent.o(.ARM.Collect$$_printf_percent$$00000000)
    _printf_f                                0x0800013f   Thumb Code     0  _printf_f.o(.ARM.Collect$$_printf_percent$$00000003)
    _printf_percent_end                      0x08000149   Thumb Code     0  _printf_percent_end.o(.ARM.Collect$$_printf_percent$$00000017)
    __rt_lib_init                            0x0800014d   Thumb Code     0  libinit.o(.ARM.Collect$$libinit$$00000000)
    __rt_lib_init_fp_1                       0x0800014f   Thumb Code     0  libinit2.o(.ARM.Collect$$libinit$$00000002)
    __rt_lib_init_heap_1                     0x0800014f   Thumb Code     0  libinit2.o(.ARM.Collect$$libinit$$0000000A)
    __rt_lib_init_lc_common                  0x0800014f   Thumb Code     0  libinit2.o(.ARM.Collect$$libinit$$0000000F)
    __rt_lib_init_preinit_1                  0x0800014f   Thumb Code     0  libinit2.o(.ARM.Collect$$libinit$$00000004)
    __rt_lib_init_rand_1                     0x0800014f   Thumb Code     0  libinit2.o(.ARM.Collect$$libinit$$0000000E)
    __rt_lib_init_user_alloc_1               0x0800014f   Thumb Code     0  libinit2.o(.ARM.Collect$$libinit$$0000000C)
    __rt_lib_init_lc_collate_1               0x08000155   Thumb Code     0  libinit2.o(.ARM.Collect$$libinit$$00000011)
    __rt_lib_init_lc_ctype_1                 0x08000155   Thumb Code     0  libinit2.o(.ARM.Collect$$libinit$$00000013)
    __rt_lib_init_lc_monetary_1              0x08000155   Thumb Code     0  libinit2.o(.ARM.Collect$$libinit$$00000015)
    __rt_lib_init_lc_numeric_2               0x08000155   Thumb Code     0  libinit2.o(.ARM.Collect$$libinit$$00000016)
    __rt_lib_init_alloca_1                   0x0800015f   Thumb Code     0  libinit2.o(.ARM.Collect$$libinit$$0000002E)
    __rt_lib_init_argv_1                     0x0800015f   Thumb Code     0  libinit2.o(.ARM.Collect$$libinit$$0000002C)
    __rt_lib_init_atexit_1                   0x0800015f   Thumb Code     0  libinit2.o(.ARM.Collect$$libinit$$0000001B)
    __rt_lib_init_clock_1                    0x0800015f   Thumb Code     0  libinit2.o(.ARM.Collect$$libinit$$00000021)
    __rt_lib_init_cpp_1                      0x0800015f   Thumb Code     0  libinit2.o(.ARM.Collect$$libinit$$00000032)
    __rt_lib_init_exceptions_1               0x0800015f   Thumb Code     0  libinit2.o(.ARM.Collect$$libinit$$00000030)
    __rt_lib_init_fp_trap_1                  0x0800015f   Thumb Code     0  libinit2.o(.ARM.Collect$$libinit$$0000001F)
    __rt_lib_init_getenv_1                   0x0800015f   Thumb Code     0  libinit2.o(.ARM.Collect$$libinit$$00000023)
    __rt_lib_init_lc_numeric_1               0x0800015f   Thumb Code     0  libinit2.o(.ARM.Collect$$libinit$$00000017)
    __rt_lib_init_lc_time_1                  0x0800015f   Thumb Code     0  libinit2.o(.ARM.Collect$$libinit$$00000019)
    __rt_lib_init_return                     0x0800015f   Thumb Code     0  libinit2.o(.ARM.Collect$$libinit$$00000033)
    __rt_lib_init_signal_1                   0x0800015f   Thumb Code     0  libinit2.o(.ARM.Collect$$libinit$$0000001D)
    __rt_lib_init_stdio_1                    0x0800015f   Thumb Code     0  libinit2.o(.ARM.Collect$$libinit$$00000025)
    __rt_lib_shutdown                        0x08000161   Thumb Code     0  libshutdown.o(.ARM.Collect$$libshutdown$$00000000)
    __rt_lib_shutdown_cpp_1                  0x08000163   Thumb Code     0  libshutdown2.o(.ARM.Collect$$libshutdown$$00000002)
    __rt_lib_shutdown_fp_trap_1              0x08000163   Thumb Code     0  libshutdown2.o(.ARM.Collect$$libshutdown$$00000007)
    __rt_lib_shutdown_heap_1                 0x08000163   Thumb Code     0  libshutdown2.o(.ARM.Collect$$libshutdown$$0000000F)
    __rt_lib_shutdown_return                 0x08000163   Thumb Code     0  libshutdown2.o(.ARM.Collect$$libshutdown$$00000010)
    __rt_lib_shutdown_signal_1               0x08000163   Thumb Code     0  libshutdown2.o(.ARM.Collect$$libshutdown$$0000000A)
    __rt_lib_shutdown_stdio_1                0x08000163   Thumb Code     0  libshutdown2.o(.ARM.Collect$$libshutdown$$00000004)
    __rt_lib_shutdown_user_alloc_1           0x08000163   Thumb Code     0  libshutdown2.o(.ARM.Collect$$libshutdown$$0000000C)
    __rt_entry                               0x08000165   Thumb Code     0  __rtentry.o(.ARM.Collect$$rtentry$$00000000)
    __rt_entry_presh_1                       0x08000165   Thumb Code     0  __rtentry2.o(.ARM.Collect$$rtentry$$00000002)
    __rt_entry_sh                            0x08000165   Thumb Code     0  __rtentry4.o(.ARM.Collect$$rtentry$$00000004)
    __rt_entry_li                            0x0800016b   Thumb Code     0  __rtentry2.o(.ARM.Collect$$rtentry$$0000000A)
    __rt_entry_postsh_1                      0x0800016b   Thumb Code     0  __rtentry2.o(.ARM.Collect$$rtentry$$00000009)
    __rt_entry_main                          0x0800016f   Thumb Code     0  __rtentry2.o(.ARM.Collect$$rtentry$$0000000D)
    __rt_entry_postli_1                      0x0800016f   Thumb Code     0  __rtentry2.o(.ARM.Collect$$rtentry$$0000000C)
    __rt_exit                                0x08000177   Thumb Code     0  rtexit.o(.ARM.Collect$$rtexit$$00000000)
    __rt_exit_ls                             0x08000179   Thumb Code     0  rtexit2.o(.ARM.Collect$$rtexit$$00000003)
    __rt_exit_prels_1                        0x08000179   Thumb Code     0  rtexit2.o(.ARM.Collect$$rtexit$$00000002)
    __rt_exit_exit                           0x0800017d   Thumb Code     0  rtexit2.o(.ARM.Collect$$rtexit$$00000004)
    udoTemperature_cb                        0x08000185   Thumb Code   178  main.o(.text)
    udoTemperatureErr_cb                     0x08000237   Thumb Code    20  main.o(.text)
    TemperatureProc                          0x0800024b   Thumb Code   128  main.o(.text)
    main                                     0x080002cb   Thumb Code   294  main.o(.text)
    NMI_Handler                              0x0800047d   Thumb Code     2  stm32f0xx_it.o(.text)
    HardFault_Handler                        0x0800047f   Thumb Code     4  stm32f0xx_it.o(.text)
    SVC_Handler                              0x08000483   Thumb Code     2  stm32f0xx_it.o(.text)
    PendSV_Handler                           0x08000485   Thumb Code     2  stm32f0xx_it.o(.text)
    SysTick_Handler                          0x08000487   Thumb Code     2  stm32f0xx_it.o(.text)
    SystemInit                               0x08000557   Thumb Code   110  system_stm32f0xx.o(.text)
    SystemCoreClockUpdate                    0x080005c5   Thumb Code   154  system_stm32f0xx.o(.text)
    Reset_Handler                            0x08000681   Thumb Code     8  startup_stm32f0xx.o(.text)
    ADC1_COMP_IRQHandler                     0x08000693   Thumb Code     0  startup_stm32f0xx.o(.text)
    CEC_IRQHandler                           0x08000693   Thumb Code     0  startup_stm32f0xx.o(.text)
    DMA1_Channel1_IRQHandler                 0x08000693   Thumb Code     0  startup_stm32f0xx.o(.text)
    DMA1_Channel2_3_IRQHandler               0x08000693   Thumb Code     0  startup_stm32f0xx.o(.text)
    DMA1_Channel4_5_IRQHandler               0x08000693   Thumb Code     0  startup_stm32f0xx.o(.text)
    EXTI0_1_IRQHandler                       0x08000693   Thumb Code     0  startup_stm32f0xx.o(.text)
    EXTI2_3_IRQHandler                       0x08000693   Thumb Code     0  startup_stm32f0xx.o(.text)
    EXTI4_15_IRQHandler                      0x08000693   Thumb Code     0  startup_stm32f0xx.o(.text)
    FLASH_IRQHandler                         0x08000693   Thumb Code     0  startup_stm32f0xx.o(.text)
    I2C1_IRQHandler                          0x08000693   Thumb Code     0  startup_stm32f0xx.o(.text)
    I2C2_IRQHandler                          0x08000693   Thumb Code     0  startup_stm32f0xx.o(.text)
    PVD_IRQHandler                           0x08000693   Thumb Code     0  startup_stm32f0xx.o(.text)
    RCC_IRQHandler                           0x08000693   Thumb Code     0  startup_stm32f0xx.o(.text)
    RTC_IRQHandler                           0x08000693   Thumb Code     0  startup_stm32f0xx.o(.text)
    SPI1_IRQHandler                          0x08000693   Thumb Code     0  startup_stm32f0xx.o(.text)
    SPI2_IRQHandler                          0x08000693   Thumb Code     0  startup_stm32f0xx.o(.text)
    TIM14_IRQHandler                         0x08000693   Thumb Code     0  startup_stm32f0xx.o(.text)
    TIM15_IRQHandler                         0x08000693   Thumb Code     0  startup_stm32f0xx.o(.text)
    TIM16_IRQHandler                         0x08000693   Thumb Code     0  startup_stm32f0xx.o(.text)
    TIM17_IRQHandler                         0x08000693   Thumb Code     0  startup_stm32f0xx.o(.text)
    TIM1_BRK_UP_TRG_COM_IRQHandler           0x08000693   Thumb Code     0  startup_stm32f0xx.o(.text)
    TIM1_CC_IRQHandler                       0x08000693   Thumb Code     0  startup_stm32f0xx.o(.text)
    TIM2_IRQHandler                          0x08000693   Thumb Code     0  startup_stm32f0xx.o(.text)
    TIM3_IRQHandler                          0x08000693   Thumb Code     0  startup_stm32f0xx.o(.text)
    TIM6_DAC_IRQHandler                      0x08000693   Thumb Code     0  startup_stm32f0xx.o(.text)
    TS_IRQHandler                            0x08000693   Thumb Code     0  startup_stm32f0xx.o(.text)
    USART2_IRQHandler                        0x08000693   Thumb Code     0  startup_stm32f0xx.o(.text)
    WWDG_IRQHandler                          0x08000693   Thumb Code     0  startup_stm32f0xx.o(.text)
    __user_initial_stackheap                 0x08000695   Thumb Code     0  startup_stm32f0xx.o(.text)
    LED_Init                                 0x080006b9   Thumb Code    42  led.o(.text)
    _sys_exit                                0x080006e5   Thumb Code     4  usart1.o(.text)
    fputc                                    0x080006e9   Thumb Code    22  usart1.o(.text)
    USART1_Init                              0x080006ff   Thumb Code   144  usart1.o(.text)
    USART1_IRQHandler                        0x0800078f   Thumb Code    46  usart1.o(.text)
    DS18B20_DQ_IN                            0x080007c5   Thumb Code    34  ds18b20.o(.text)
    DS18B20_Check                            0x080007e7   Thumb Code    90  ds18b20.o(.text)
    DS18B20_DQ_OUT                           0x08000841   Thumb Code    36  ds18b20.o(.text)
    DS18B20_Rst                              0x08000865   Thumb Code    40  ds18b20.o(.text)
    DS18B20_Init                             0x0800088d   Thumb Code    50  ds18b20.o(.text)
    DS18B20_Read_Bit                         0x080008bf   Thumb Code    72  ds18b20.o(.text)
    DS18B20_Read_Byte                        0x08000907   Thumb Code    34  ds18b20.o(.text)
    DS18B20_Write_Byte                       0x08000929   Thumb Code    98  ds18b20.o(.text)
    DS18B20_Start                            0x0800098b   Thumb Code    24  ds18b20.o(.text)
    DS18B20_Get_Temp                         0x080009a3   Thumb Code   150  ds18b20.o(.text)
    OUTPUT_Init                              0x08000a49   Thumb Code    72  output.o(.text)
    zhSCM_GPIOConfig                         0x08000a95   Thumb Code    46  key.o(.text)
    zhSCM_initKeyState                       0x08000ac3   Thumb Code     6  key.o(.text)
    zhSCM_keyState                           0x08000ac9   Thumb Code   124  key.o(.text)
    FLASH_WriteByte                          0x08000b45   Thumb Code    74  flash_rw.o(.text)
    FLASH_ReadByte                           0x08000b8f   Thumb Code    24  flash_rw.o(.text)
    delay_init                               0x08000ba9   Thumb Code    44  delay.o(.text)
    delay_us                                 0x08000bd5   Thumb Code    74  delay.o(.text)
    delay_ms                                 0x08000c1f   Thumb Code    74  delay.o(.text)
    GPIO_DeInit                              0x08000c7d   Thumb Code   132  stm32f0xx_gpio.o(.text)
    GPIO_Init                                0x08000d01   Thumb Code   144  stm32f0xx_gpio.o(.text)
    GPIO_StructInit                          0x08000d91   Thumb Code    20  stm32f0xx_gpio.o(.text)
    GPIO_PinLockConfig                       0x08000da5   Thumb Code    34  stm32f0xx_gpio.o(.text)
    GPIO_ReadInputDataBit                    0x08000dc7   Thumb Code    20  stm32f0xx_gpio.o(.text)
    GPIO_ReadInputData                       0x08000ddb   Thumb Code     6  stm32f0xx_gpio.o(.text)
    GPIO_ReadOutputDataBit                   0x08000de1   Thumb Code    20  stm32f0xx_gpio.o(.text)
    GPIO_ReadOutputData                      0x08000df5   Thumb Code     6  stm32f0xx_gpio.o(.text)
    GPIO_SetBits                             0x08000dfb   Thumb Code     4  stm32f0xx_gpio.o(.text)
    GPIO_ResetBits                           0x08000dff   Thumb Code     4  stm32f0xx_gpio.o(.text)
    GPIO_WriteBit                            0x08000e03   Thumb Code    12  stm32f0xx_gpio.o(.text)
    GPIO_Write                               0x08000e0f   Thumb Code     4  stm32f0xx_gpio.o(.text)
    GPIO_PinAFConfig                         0x08000e13   Thumb Code    68  stm32f0xx_gpio.o(.text)
    RCC_DeInit                               0x08000e6d   Thumb Code   104  stm32f0xx_rcc.o(.text)
    RCC_HSEConfig                            0x08000ed5   Thumb Code    12  stm32f0xx_rcc.o(.text)
    RCC_GetFlagStatus                        0x08000ee1   Thumb Code    68  stm32f0xx_rcc.o(.text)
    RCC_WaitForHSEStartUp                    0x08000f25   Thumb Code    60  stm32f0xx_rcc.o(.text)
    RCC_AdjustHSICalibrationValue            0x08000f61   Thumb Code    26  stm32f0xx_rcc.o(.text)
    RCC_HSICmd                               0x08000f7b   Thumb Code    32  stm32f0xx_rcc.o(.text)
    RCC_AdjustHSI14CalibrationValue          0x08000f9b   Thumb Code    26  stm32f0xx_rcc.o(.text)
    RCC_HSI14Cmd                             0x08000fb5   Thumb Code    32  stm32f0xx_rcc.o(.text)
    RCC_HSI14ADCRequestCmd                   0x08000fd5   Thumb Code    32  stm32f0xx_rcc.o(.text)
    RCC_LSEConfig                            0x08000ff5   Thumb Code    34  stm32f0xx_rcc.o(.text)
    RCC_LSEDriveConfig                       0x08001017   Thumb Code    22  stm32f0xx_rcc.o(.text)
    RCC_LSICmd                               0x0800102d   Thumb Code    32  stm32f0xx_rcc.o(.text)
    RCC_PLLConfig                            0x0800104d   Thumb Code    30  stm32f0xx_rcc.o(.text)
    RCC_PLLCmd                               0x0800106b   Thumb Code    36  stm32f0xx_rcc.o(.text)
    RCC_PREDIV1Config                        0x0800108f   Thumb Code    24  stm32f0xx_rcc.o(.text)
    RCC_ClockSecuritySystemCmd               0x080010a7   Thumb Code    36  stm32f0xx_rcc.o(.text)
    RCC_MCOConfig                            0x080010cb   Thumb Code     6  stm32f0xx_rcc.o(.text)
    RCC_SYSCLKConfig                         0x080010d1   Thumb Code    24  stm32f0xx_rcc.o(.text)
    RCC_GetSYSCLKSource                      0x080010e9   Thumb Code    10  stm32f0xx_rcc.o(.text)
    RCC_HCLKConfig                           0x080010f3   Thumb Code    28  stm32f0xx_rcc.o(.text)
    RCC_PCLKConfig                           0x0800110f   Thumb Code    30  stm32f0xx_rcc.o(.text)
    RCC_ADCCLKConfig                         0x0800112d   Thumb Code    52  stm32f0xx_rcc.o(.text)
    RCC_CECCLKConfig                         0x08001161   Thumb Code    22  stm32f0xx_rcc.o(.text)
    RCC_I2CCLKConfig                         0x08001177   Thumb Code    22  stm32f0xx_rcc.o(.text)
    RCC_USARTCLKConfig                       0x0800118d   Thumb Code    22  stm32f0xx_rcc.o(.text)
    RCC_GetClocksFreq                        0x080011a3   Thumb Code   368  stm32f0xx_rcc.o(.text)
    RCC_RTCCLKConfig                         0x08001313   Thumb Code    12  stm32f0xx_rcc.o(.text)
    RCC_RTCCLKCmd                            0x0800131f   Thumb Code    36  stm32f0xx_rcc.o(.text)
    RCC_BackupResetCmd                       0x08001343   Thumb Code    36  stm32f0xx_rcc.o(.text)
    RCC_AHBPeriphClockCmd                    0x08001367   Thumb Code    28  stm32f0xx_rcc.o(.text)
    RCC_APB2PeriphClockCmd                   0x08001383   Thumb Code    28  stm32f0xx_rcc.o(.text)
    RCC_APB1PeriphClockCmd                   0x0800139f   Thumb Code    28  stm32f0xx_rcc.o(.text)
    RCC_AHBPeriphResetCmd                    0x080013bb   Thumb Code    28  stm32f0xx_rcc.o(.text)
    RCC_APB2PeriphResetCmd                   0x080013d7   Thumb Code    28  stm32f0xx_rcc.o(.text)
    RCC_APB1PeriphResetCmd                   0x080013f3   Thumb Code    28  stm32f0xx_rcc.o(.text)
    RCC_ITConfig                             0x0800140f   Thumb Code    28  stm32f0xx_rcc.o(.text)
    RCC_ClearFlag                            0x0800142b   Thumb Code    16  stm32f0xx_rcc.o(.text)
    RCC_GetITStatus                          0x0800143b   Thumb Code    22  stm32f0xx_rcc.o(.text)
    RCC_ClearITPendingBit                    0x08001451   Thumb Code     6  stm32f0xx_rcc.o(.text)
    NVIC_Init                                0x08001465   Thumb Code   106  stm32f0xx_misc.o(.text)
    NVIC_SystemLPConfig                      0x080014cf   Thumb Code    28  stm32f0xx_misc.o(.text)
    SysTick_CLKSourceConfig                  0x080014eb   Thumb Code    32  stm32f0xx_misc.o(.text)
    USART_DeInit                             0x08001519   Thumb Code    56  stm32f0xx_usart.o(.text)
    USART_Init                               0x08001551   Thumb Code   234  stm32f0xx_usart.o(.text)
    USART_StructInit                         0x0800163b   Thumb Code    24  stm32f0xx_usart.o(.text)
    USART_ClockInit                          0x08001653   Thumb Code    36  stm32f0xx_usart.o(.text)
    USART_ClockStructInit                    0x08001677   Thumb Code    12  stm32f0xx_usart.o(.text)
    USART_Cmd                                0x08001683   Thumb Code    24  stm32f0xx_usart.o(.text)
    USART_DirectionModeCmd                   0x0800169b   Thumb Code    20  stm32f0xx_usart.o(.text)
    USART_OverSampling8Cmd                   0x080016af   Thumb Code    28  stm32f0xx_usart.o(.text)
    USART_OneBitMethodCmd                    0x080016cb   Thumb Code    28  stm32f0xx_usart.o(.text)
    USART_MSBFirstCmd                        0x080016e7   Thumb Code    28  stm32f0xx_usart.o(.text)
    USART_DataInvCmd                         0x08001703   Thumb Code    28  stm32f0xx_usart.o(.text)
    USART_InvPinCmd                          0x0800171f   Thumb Code    20  stm32f0xx_usart.o(.text)
    USART_SWAPPinCmd                         0x08001733   Thumb Code    28  stm32f0xx_usart.o(.text)
    USART_ReceiverTimeOutCmd                 0x0800174f   Thumb Code    28  stm32f0xx_usart.o(.text)
    USART_SetReceiverTimeOut                 0x0800176b   Thumb Code    16  stm32f0xx_usart.o(.text)
    USART_SetPrescaler                       0x0800177b   Thumb Code    18  stm32f0xx_usart.o(.text)
    USART_STOPModeCmd                        0x0800178d   Thumb Code    24  stm32f0xx_usart.o(.text)
    USART_StopModeWakeUpSourceConfig         0x080017a5   Thumb Code    18  stm32f0xx_usart.o(.text)
    USART_AutoBaudRateCmd                    0x080017b7   Thumb Code    28  stm32f0xx_usart.o(.text)
    USART_AutoBaudRateConfig                 0x080017d3   Thumb Code    18  stm32f0xx_usart.o(.text)
    USART_AutoBaudRateNewRequest             0x080017e5   Thumb Code    12  stm32f0xx_usart.o(.text)
    USART_SendData                           0x080017f1   Thumb Code     8  stm32f0xx_usart.o(.text)
    USART_ReceiveData                        0x080017f9   Thumb Code    10  stm32f0xx_usart.o(.text)
    USART_SetAddress                         0x08001803   Thumb Code    18  stm32f0xx_usart.o(.text)
    USART_MuteModeCmd                        0x08001815   Thumb Code    28  stm32f0xx_usart.o(.text)
    USART_MuteModeWakeUpConfig               0x08001831   Thumb Code    18  stm32f0xx_usart.o(.text)
    USART_AddressDetectionConfig             0x08001843   Thumb Code    16  stm32f0xx_usart.o(.text)
    USART_LINBreakDetectLengthConfig         0x08001853   Thumb Code    16  stm32f0xx_usart.o(.text)
    USART_LINCmd                             0x08001863   Thumb Code    28  stm32f0xx_usart.o(.text)
    USART_HalfDuplexCmd                      0x0800187f   Thumb Code    24  stm32f0xx_usart.o(.text)
    USART_SetGuardTime                       0x08001897   Thumb Code    16  stm32f0xx_usart.o(.text)
    USART_SmartCardCmd                       0x080018a7   Thumb Code    24  stm32f0xx_usart.o(.text)
    USART_SmartCardNACKCmd                   0x080018bf   Thumb Code    24  stm32f0xx_usart.o(.text)
    USART_SetAutoRetryCount                  0x080018d7   Thumb Code    20  stm32f0xx_usart.o(.text)
    USART_SetBlockLength                     0x080018eb   Thumb Code    30  stm32f0xx_usart.o(.text)
    USART_IrDAConfig                         0x08001909   Thumb Code    16  stm32f0xx_usart.o(.text)
    USART_IrDACmd                            0x08001919   Thumb Code    24  stm32f0xx_usart.o(.text)
    USART_DECmd                              0x08001931   Thumb Code    28  stm32f0xx_usart.o(.text)
    USART_DEPolarityConfig                   0x0800194d   Thumb Code    18  stm32f0xx_usart.o(.text)
    USART_SetDEAssertionTime                 0x0800195f   Thumb Code    20  stm32f0xx_usart.o(.text)
    USART_SetDEDeassertionTime               0x08001973   Thumb Code    20  stm32f0xx_usart.o(.text)
    USART_DMACmd                             0x08001987   Thumb Code    20  stm32f0xx_usart.o(.text)
    USART_DMAReceptionErrorConfig            0x0800199b   Thumb Code    18  stm32f0xx_usart.o(.text)
    USART_ITConfig                           0x080019ad   Thumb Code    66  stm32f0xx_usart.o(.text)
    USART_RequestCmd                         0x080019ef   Thumb Code    20  stm32f0xx_usart.o(.text)
    USART_OverrunDetectionConfig             0x08001a03   Thumb Code    18  stm32f0xx_usart.o(.text)
    USART_GetFlagStatus                      0x08001a15   Thumb Code    20  stm32f0xx_usart.o(.text)
    USART_ClearFlag                          0x08001a29   Thumb Code     4  stm32f0xx_usart.o(.text)
    USART_GetITStatus                        0x08001a2d   Thumb Code    78  stm32f0xx_usart.o(.text)
    USART_ClearITPendingBit                  0x08001a7b   Thumb Code    18  stm32f0xx_usart.o(.text)
    FLASH_SetLatency                         0x08001a8d   Thumb Code    24  stm32f0xx_flash.o(.text)
    FLASH_PrefetchBufferCmd                  0x08001aa5   Thumb Code    32  stm32f0xx_flash.o(.text)
    FLASH_GetPrefetchBufferStatus            0x08001ac5   Thumb Code    22  stm32f0xx_flash.o(.text)
    FLASH_Unlock                             0x08001adb   Thumb Code    24  stm32f0xx_flash.o(.text)
    FLASH_Lock                               0x08001af3   Thumb Code    14  stm32f0xx_flash.o(.text)
    FLASH_GetStatus                          0x08001b01   Thumb Code    54  stm32f0xx_flash.o(.text)
    FLASH_WaitForLastOperation               0x08001b37   Thumb Code    40  stm32f0xx_flash.o(.text)
    FLASH_ErasePage                          0x08001b5f   Thumb Code    72  stm32f0xx_flash.o(.text)
    FLASH_EraseAllPages                      0x08001ba7   Thumb Code    68  stm32f0xx_flash.o(.text)
    FLASH_ProgramWord                        0x08001beb   Thumb Code   104  stm32f0xx_flash.o(.text)
    FLASH_ProgramHalfWord                    0x08001c53   Thumb Code    62  stm32f0xx_flash.o(.text)
    FLASH_OB_Unlock                          0x08001c91   Thumb Code    26  stm32f0xx_flash.o(.text)
    FLASH_OB_Lock                            0x08001cab   Thumb Code    16  stm32f0xx_flash.o(.text)
    FLASH_OB_Launch                          0x08001cbb   Thumb Code    16  stm32f0xx_flash.o(.text)
    FLASH_OB_GetRDP                          0x08001ccb   Thumb Code    22  stm32f0xx_flash.o(.text)
    FLASH_OB_Erase                           0x08001ce1   Thumb Code   144  stm32f0xx_flash.o(.text)
    FLASH_OB_EnableWRP                       0x08001d71   Thumb Code   108  stm32f0xx_flash.o(.text)
    FLASH_OB_RDPConfig                       0x08001ddd   Thumb Code   134  stm32f0xx_flash.o(.text)
    FLASH_OB_UserConfig                      0x08001e63   Thumb Code   102  stm32f0xx_flash.o(.text)
    FLASH_OB_BOOTConfig                      0x08001ec9   Thumb Code    70  stm32f0xx_flash.o(.text)
    FLASH_OB_VDDAConfig                      0x08001f0f   Thumb Code    70  stm32f0xx_flash.o(.text)
    FLASH_OB_SRAMParityConfig                0x08001f55   Thumb Code    70  stm32f0xx_flash.o(.text)
    FLASH_OB_WriteUser                       0x08001f9b   Thumb Code    70  stm32f0xx_flash.o(.text)
    FLASH_ProgramOptionByteData              0x08001fe1   Thumb Code    66  stm32f0xx_flash.o(.text)
    FLASH_OB_GetUser                         0x08002023   Thumb Code    10  stm32f0xx_flash.o(.text)
    FLASH_OB_GetWRP                          0x0800202d   Thumb Code     6  stm32f0xx_flash.o(.text)
    FLASH_ITConfig                           0x08002033   Thumb Code    28  stm32f0xx_flash.o(.text)
    FLASH_GetFlagStatus                      0x0800204f   Thumb Code    22  stm32f0xx_flash.o(.text)
    FLASH_ClearFlag                          0x08002065   Thumb Code     6  stm32f0xx_flash.o(.text)
    __use_no_semihosting                     0x08002075   Thumb Code     2  use_no_semi_2.o(.text)
    __2printf                                0x08002079   Thumb Code    22  noretval__2printf.o(.text)
    __printf                                 0x08002095   Thumb Code   306  __printf_flags_wp.o(.text)
    __aeabi_uidiv                            0x080021cd   Thumb Code     0  aeabi_sdiv.o(.text)
    __aeabi_uidivmod                         0x080021cd   Thumb Code    20  aeabi_sdiv.o(.text)
    __aeabi_idiv                             0x080021e1   Thumb Code     0  aeabi_sdiv.o(.text)
    __aeabi_idivmod                          0x080021e1   Thumb Code   326  aeabi_sdiv.o(.text)
    __use_two_region_memory                  0x08002327   Thumb Code     2  heapauxi.o(.text)
    __rt_heap_escrow$2region                 0x08002329   Thumb Code     2  heapauxi.o(.text)
    __rt_heap_expand$2region                 0x0800232b   Thumb Code     2  heapauxi.o(.text)
    __aeabi_d2iz                             0x0800232d   Thumb Code     0  dfixi.o(.text)
    _dfix                                    0x0800232d   Thumb Code    98  dfixi.o(.text)
    __aeabi_i2d_normalise                    0x08002399   Thumb Code    66  dflti.o(.text)
    __aeabi_i2d                              0x080023db   Thumb Code    16  dflti.o(.text)
    _dflt                                    0x080023db   Thumb Code     0  dflti.o(.text)
    __aeabi_ui2d                             0x080023eb   Thumb Code     6  dflti.o(.text)
    _dfltu                                   0x080023eb   Thumb Code     0  dflti.o(.text)
    __aeabi_dmul                             0x080023f1   Thumb Code     0  dmul.o(.text)
    _dmul                                    0x080023f1   Thumb Code   558  dmul.o(.text)
    __aeabi_f2d                              0x08002639   Thumb Code     0  f2d.o(.text)
    _f2d                                     0x08002639   Thumb Code    80  f2d.o(.text)
    __aeabi_i2f_normalise                    0x0800268d   Thumb Code    72  fflti.o(.text)
    __aeabi_i2f                              0x080026d5   Thumb Code    16  fflti.o(.text)
    _fflt                                    0x080026d5   Thumb Code     0  fflti.o(.text)
    __aeabi_ui2f                             0x080026e5   Thumb Code     6  fflti.o(.text)
    _ffltu                                   0x080026e5   Thumb Code     0  fflti.o(.text)
    __I$use$semihosting                      0x080026eb   Thumb Code     0  use_no_semi.o(.text)
    __use_no_semihosting_swi                 0x080026eb   Thumb Code     2  use_no_semi.o(.text)
    __lib_sel_fp_printf                      0x080026ed   Thumb Code     2  _printf_fp_dec.o(.text)
    _printf_fp_dec_real                      0x08002887   Thumb Code   620  _printf_fp_dec.o(.text)
    _printf_char_file                        0x08002b01   Thumb Code    34  _printf_char_file.o(.text)
    __rt_locale                              0x08002b29   Thumb Code     8  rt_locale_intlibspace.o(.text)
    _ll_udiv10                               0x08002b31   Thumb Code   122  lludiv10.o(.text)
    _printf_char_common                      0x08002bb7   Thumb Code    32  _printf_char_common.o(.text)
    _printf_fp_infnan                        0x08002bdd   Thumb Code   120  _printf_fp_infnan.o(.text)
    _btod_etento                             0x08002c65   Thumb Code   196  bigflt0.o(.text)
    _btod_d2e                                0x08002d2d   Thumb Code    64  btod.o(.text)
    _btod_emul                               0x08003123   Thumb Code    24  btod.o(.text)
    _btod_emuld                              0x0800313b   Thumb Code    60  btod.o(.text)
    _btod_ediv                               0x08003177   Thumb Code    22  btod.o(.text)
    _btod_edivd                              0x0800318d   Thumb Code    60  btod.o(.text)
    ferror                                   0x080031d5   Thumb Code     8  ferror.o(.text)
    __rt_udiv10                              0x080031dd   Thumb Code    40  rtudiv10.o(.text)
    __user_libspace                          0x08003205   Thumb Code     8  libspace.o(.text)
    __user_perproc_libspace                  0x08003205   Thumb Code     0  libspace.o(.text)
    __user_perthread_libspace                0x08003205   Thumb Code     0  libspace.o(.text)
    __user_setup_stackheap                   0x0800320d   Thumb Code    62  sys_stackheap_outer.o(.text)
    exit                                     0x0800324b   Thumb Code    16  exit.o(.text)
    strcmp                                   0x0800325d   Thumb Code   132  strcmp.o(.text)
    __ARM_common_ll_muluu                    0x080032e5   Thumb Code    48  btod.o(i.__ARM_common_ll_muluu)
    __ARM_fpclassify                         0x08003315   Thumb Code    40  fpclassify.o(i.__ARM_fpclassify)
    _is_digit                                0x08003341   Thumb Code    14  __printf_wp.o(i._is_digit)
    _get_lc_numeric                          0x08003351   Thumb Code    44  lc_numeric_c.o(locale$$code)
    __aeabi_fmul                             0x0800337d   Thumb Code     0  fmul.o(x$fpl$fmul)
    _fmul                                    0x0800337d   Thumb Code   172  fmul.o(x$fpl$fmul)
    _printf_fp_dec                           0x0800342d   Thumb Code    16  printf1.o(x$fpl$printf1)
    __I$use$fp                               0x0800343c   Number         0  usenofp.o(x$fpl$usenofp)
    Region$$Table$$Base                      0x080034e4   Number         0  anon$$obj.o(Region$$Table)
    Region$$Table$$Limit                     0x08003504   Number         0  anon$$obj.o(Region$$Table)
    ev                                       0x20000000   Data           1  main.o(.data)
    GPIOAStatus1                             0x20000001   Data           1  main.o(.data)
    GPIOAStatus2                             0x20000002   Data           1  main.o(.data)
    ntmp                                     0x20000004   Data           4  main.o(.data)
    rWaterTemperature                        0x20000008   Data           2  main.o(.data)
    rWaterTemp                               0x2000000a   Data           2  main.o(.data)
    isCheckWaterSensorErr                    0x2000000c   Data           4  main.o(.data)
    gettemp                                  0x20000010   Data           4  main.o(.data)
    monitor_temperat_val                     0x20000014   Data           4  main.o(.data)
    SystemCoreClock                          0x2000001c   Data           4  system_stm32f0xx.o(.data)
    AHBPrescTable                            0x20000020   Data          16  system_stm32f0xx.o(.data)
    __stdout                                 0x20000030   Data           4  usart1.o(.data)
    __libspace_start                         0x20000048   Data          96  libspace.o(.bss)
    __temporary_stack_top$libspace           0x200000a8   Data           0  libspace.o(.bss)



==============================================================================

Memory Map of the image

  Image Entry point : 0x08000681

  Load Region LR_1 (Base: 0x08000000, Size: 0x00003568, Max: 0xffffffff, ABSOLUTE)

    Execution Region ER_RO (Base: 0x08000000, Size: 0x00003520, Max: 0xffffffff, ABSOLUTE)

    Base Addr    Size         Type   Attr      Idx    E Section Name        Object

    0x08000000   0x000000c0   Data   RO          128    RESET               startup_stm32f0xx.o
    0x080000c0   0x00000008   Code   RO          393  * !!!main             c_p.l(__main.o)
    0x080000c8   0x0000003c   Code   RO          615    !!!scatter          c_p.l(__scatter.o)
    0x08000104   0x0000001a   Code   RO          617    !!handler_copy      c_p.l(__scatter_copy.o)
    0x0800011e   0x00000002   PAD
    0x08000120   0x0000001c   Code   RO          619    !!handler_zi        c_p.l(__scatter_zi.o)
    0x0800013c   0x00000002   Code   RO          386    .ARM.Collect$$_printf_percent$$00000000  c_p.l(_printf_percent.o)
    0x0800013e   0x0000000a   Code   RO          385    .ARM.Collect$$_printf_percent$$00000003  c_p.l(_printf_f.o)
    0x08000148   0x00000004   Code   RO          420    .ARM.Collect$$_printf_percent$$00000017  c_p.l(_printf_percent_end.o)
    0x0800014c   0x00000002   Code   RO          491    .ARM.Collect$$libinit$$00000000  c_p.l(libinit.o)
    0x0800014e   0x00000000   Code   RO          493    .ARM.Collect$$libinit$$00000002  c_p.l(libinit2.o)
    0x0800014e   0x00000000   Code   RO          495    .ARM.Collect$$libinit$$00000004  c_p.l(libinit2.o)
    0x0800014e   0x00000000   Code   RO          498    .ARM.Collect$$libinit$$0000000A  c_p.l(libinit2.o)
    0x0800014e   0x00000000   Code   RO          500    .ARM.Collect$$libinit$$0000000C  c_p.l(libinit2.o)
    0x0800014e   0x00000000   Code   RO          502    .ARM.Collect$$libinit$$0000000E  c_p.l(libinit2.o)
    0x0800014e   0x00000006   Code   RO          503    .ARM.Collect$$libinit$$0000000F  c_p.l(libinit2.o)
    0x08000154   0x00000000   Code   RO          505    .ARM.Collect$$libinit$$00000011  c_p.l(libinit2.o)
    0x08000154   0x00000000   Code   RO          507    .ARM.Collect$$libinit$$00000013  c_p.l(libinit2.o)
    0x08000154   0x00000000   Code   RO          509    .ARM.Collect$$libinit$$00000015  c_p.l(libinit2.o)
    0x08000154   0x0000000a   Code   RO          510    .ARM.Collect$$libinit$$00000016  c_p.l(libinit2.o)
    0x0800015e   0x00000000   Code   RO          511    .ARM.Collect$$libinit$$00000017  c_p.l(libinit2.o)
    0x0800015e   0x00000000   Code   RO          513    .ARM.Collect$$libinit$$00000019  c_p.l(libinit2.o)
    0x0800015e   0x00000000   Code   RO          515    .ARM.Collect$$libinit$$0000001B  c_p.l(libinit2.o)
    0x0800015e   0x00000000   Code   RO          517    .ARM.Collect$$libinit$$0000001D  c_p.l(libinit2.o)
    0x0800015e   0x00000000   Code   RO          519    .ARM.Collect$$libinit$$0000001F  c_p.l(libinit2.o)
    0x0800015e   0x00000000   Code   RO          521    .ARM.Collect$$libinit$$00000021  c_p.l(libinit2.o)
    0x0800015e   0x00000000   Code   RO          523    .ARM.Collect$$libinit$$00000023  c_p.l(libinit2.o)
    0x0800015e   0x00000000   Code   RO          525    .ARM.Collect$$libinit$$00000025  c_p.l(libinit2.o)
    0x0800015e   0x00000000   Code   RO          529    .ARM.Collect$$libinit$$0000002C  c_p.l(libinit2.o)
    0x0800015e   0x00000000   Code   RO          531    .ARM.Collect$$libinit$$0000002E  c_p.l(libinit2.o)
    0x0800015e   0x00000000   Code   RO          533    .ARM.Collect$$libinit$$00000030  c_p.l(libinit2.o)
    0x0800015e   0x00000000   Code   RO          535    .ARM.Collect$$libinit$$00000032  c_p.l(libinit2.o)
    0x0800015e   0x00000002   Code   RO          536    .ARM.Collect$$libinit$$00000033  c_p.l(libinit2.o)
    0x08000160   0x00000002   Code   RO          579    .ARM.Collect$$libshutdown$$00000000  c_p.l(libshutdown.o)
    0x08000162   0x00000000   Code   RO          598    .ARM.Collect$$libshutdown$$00000002  c_p.l(libshutdown2.o)
    0x08000162   0x00000000   Code   RO          600    .ARM.Collect$$libshutdown$$00000004  c_p.l(libshutdown2.o)
    0x08000162   0x00000000   Code   RO          603    .ARM.Collect$$libshutdown$$00000007  c_p.l(libshutdown2.o)
    0x08000162   0x00000000   Code   RO          606    .ARM.Collect$$libshutdown$$0000000A  c_p.l(libshutdown2.o)
    0x08000162   0x00000000   Code   RO          608    .ARM.Collect$$libshutdown$$0000000C  c_p.l(libshutdown2.o)
    0x08000162   0x00000000   Code   RO          611    .ARM.Collect$$libshutdown$$0000000F  c_p.l(libshutdown2.o)
    0x08000162   0x00000002   Code   RO          612    .ARM.Collect$$libshutdown$$00000010  c_p.l(libshutdown2.o)
    0x08000164   0x00000000   Code   RO          411    .ARM.Collect$$rtentry$$00000000  c_p.l(__rtentry.o)
    0x08000164   0x00000000   Code   RO          423    .ARM.Collect$$rtentry$$00000002  c_p.l(__rtentry2.o)
    0x08000164   0x00000006   Code   RO          435    .ARM.Collect$$rtentry$$00000004  c_p.l(__rtentry4.o)
    0x0800016a   0x00000000   Code   RO          425    .ARM.Collect$$rtentry$$00000009  c_p.l(__rtentry2.o)
    0x0800016a   0x00000004   Code   RO          426    .ARM.Collect$$rtentry$$0000000A  c_p.l(__rtentry2.o)
    0x0800016e   0x00000000   Code   RO          428    .ARM.Collect$$rtentry$$0000000C  c_p.l(__rtentry2.o)
    0x0800016e   0x00000008   Code   RO          429    .ARM.Collect$$rtentry$$0000000D  c_p.l(__rtentry2.o)
    0x08000176   0x00000002   Code   RO          538    .ARM.Collect$$rtexit$$00000000  c_p.l(rtexit.o)
    0x08000178   0x00000000   Code   RO          551    .ARM.Collect$$rtexit$$00000002  c_p.l(rtexit2.o)
    0x08000178   0x00000004   Code   RO          552    .ARM.Collect$$rtexit$$00000003  c_p.l(rtexit2.o)
    0x0800017c   0x00000006   Code   RO          553    .ARM.Collect$$rtexit$$00000004  c_p.l(rtexit2.o)
    0x08000182   0x00000002   PAD
    0x08000184   0x000002f8   Code   RO            2    .text               main.o
    0x0800047c   0x0000000c   Code   RO           86    .text               stm32f0xx_it.o
    0x08000488   0x000001f8   Code   RO          105    .text               system_stm32f0xx.o
    0x08000680   0x00000038   Code   RO          129  * .text               startup_stm32f0xx.o
    0x080006b8   0x0000002a   Code   RO          134    .text               led.o
    0x080006e2   0x00000002   PAD
    0x080006e4   0x000000e0   Code   RO          169    .text               usart1.o
    0x080007c4   0x00000284   Code   RO          192    .text               ds18b20.o
    0x08000a48   0x0000004c   Code   RO          208    .text               output.o
    0x08000a94   0x000000b0   Code   RO          224    .text               key.o
    0x08000b44   0x00000062   Code   RO          240    .text               flash_rw.o
    0x08000ba6   0x00000002   PAD
    0x08000ba8   0x000000d4   Code   RO          256    .text               delay.o
    0x08000c7c   0x000001f0   Code   RO          274    .text               stm32f0xx_gpio.o
    0x08000e6c   0x000005f8   Code   RO          290    .text               stm32f0xx_rcc.o
    0x08001464   0x000000b4   Code   RO          308    .text               stm32f0xx_misc.o
    0x08001518   0x00000574   Code   RO          324    .text               stm32f0xx_usart.o
    0x08001a8c   0x000005e8   Code   RO          340    .text               stm32f0xx_flash.o
    0x08002074   0x00000002   Code   RO          357    .text               c_p.l(use_no_semi_2.o)
    0x08002076   0x00000002   PAD
    0x08002078   0x0000001c   Code   RO          361    .text               c_p.l(noretval__2printf.o)
    0x08002094   0x00000138   Code   RO          377    .text               c_p.l(__printf_flags_wp.o)
    0x080021cc   0x0000015a   Code   RO          387    .text               c_p.l(aeabi_sdiv.o)
    0x08002326   0x00000006   Code   RO          391    .text               c_p.l(heapauxi.o)
    0x0800232c   0x0000006c   Code   RO          395    .text               fz_ps.l(dfixi.o)
    0x08002398   0x00000058   Code   RO          397    .text               fz_ps.l(dflti.o)
    0x080023f0   0x00000248   Code   RO          399    .text               fz_ps.l(dmul.o)
    0x08002638   0x00000054   Code   RO          401    .text               fz_ps.l(f2d.o)
    0x0800268c   0x0000005e   Code   RO          403    .text               fz_ps.l(fflti.o)
    0x080026ea   0x00000002   Code   RO          409    .text               c_p.l(use_no_semi.o)
    0x080026ec   0x00000414   Code   RO          416    .text               c_p.l(_printf_fp_dec.o)
    0x08002b00   0x00000028   Code   RO          418    .text               c_p.l(_printf_char_file.o)
    0x08002b28   0x00000008   Code   RO          442    .text               c_p.l(rt_locale_intlibspace.o)
    0x08002b30   0x0000007a   Code   RO          444    .text               c_p.l(lludiv10.o)
    0x08002baa   0x00000002   PAD
    0x08002bac   0x00000030   Code   RO          446    .text               c_p.l(_printf_char_common.o)
    0x08002bdc   0x00000088   Code   RO          448    .text               c_p.l(_printf_fp_infnan.o)
    0x08002c64   0x000000c8   Code   RO          450    .text               c_p.l(bigflt0.o)
    0x08002d2c   0x000004a8   Code   RO          453    .text               c_p.l(btod.o)
    0x080031d4   0x00000008   Code   RO          457    .text               c_p.l(ferror.o)
    0x080031dc   0x00000028   Code   RO          464    .text               c_p.l(rtudiv10.o)
    0x08003204   0x00000008   Code   RO          470    .text               c_p.l(libspace.o)
    0x0800320c   0x0000003e   Code   RO          473    .text               c_p.l(sys_stackheap_outer.o)
    0x0800324a   0x00000010   Code   RO          478    .text               c_p.l(exit.o)
    0x0800325a   0x00000002   PAD
    0x0800325c   0x00000088   Code   RO          484    .text               c_p.l(strcmp.o)
    0x080032e4   0x00000030   Code   RO          455    i.__ARM_common_ll_muluu  c_p.l(btod.o)
    0x08003314   0x0000002c   Code   RO          468    i.__ARM_fpclassify  m_ps.l(fpclassify.o)
    0x08003340   0x0000000e   Code   RO          375    i._is_digit         c_p.l(__printf_wp.o)
    0x0800334e   0x00000002   PAD
    0x08003350   0x0000002c   Code   RO          462    locale$$code        c_p.l(lc_numeric_c.o)
    0x0800337c   0x000000b0   Code   RO          405    x$fpl$fmul          fz_ps.l(fmul.o)
    0x0800342c   0x00000010   Code   RO          407    x$fpl$printf1       fz_ps.l(printf1.o)
    0x0800343c   0x00000000   Code   RO          421    x$fpl$usenofp       fz_ps.l(usenofp.o)
    0x0800343c   0x00000011   Data   RO          378    .constdata          c_p.l(__printf_flags_wp.o)
    0x0800344d   0x00000003   PAD
    0x08003450   0x00000094   Data   RO          451    .constdata          c_p.l(bigflt0.o)
    0x080034e4   0x00000020   Data   RO          613    Region$$Table       anon$$obj.o
    0x08003504   0x0000001c   Data   RO          461    locale$$data        c_p.l(lc_numeric_c.o)


    Execution Region ER_RW (Base: 0x20000000, Size: 0x00000048, Max: 0xffffffff, ABSOLUTE)

    Base Addr    Size         Type   Attr      Idx    E Section Name        Object

    0x20000000   0x0000001c   Data   RW            3    .data               main.o
    0x2000001c   0x00000014   Data   RW          106    .data               system_stm32f0xx.o
    0x20000030   0x00000004   Data   RW          170    .data               usart1.o
    0x20000034   0x00000004   Data   RW          257    .data               delay.o
    0x20000038   0x00000010   Data   RW          291    .data               stm32f0xx_rcc.o


    Execution Region ER_ZI (Base: 0x20000048, Size: 0x00000660, Max: 0xffffffff, ABSOLUTE)

    Base Addr    Size         Type   Attr      Idx    E Section Name        Object

    0x20000048   0x00000060   Zero   RW          471    .bss                c_p.l(libspace.o)
    0x200000a8   0x00000200   Zero   RW          127    HEAP                startup_stm32f0xx.o
    0x200002a8   0x00000400   Zero   RW          126    STACK               startup_stm32f0xx.o


==============================================================================

Image component sizes


      Code (inc. data)   RO Data    RW Data    ZI Data      Debug   Object Name

       212         20          0          4          0        971   delay.o
       644         16          0          0          0       2563   ds18b20.o
        98          0          0          0          0       1145   flash_rw.o
       176          0          0          0          0       1585   key.o
        42          0          0          0          0      84719   led.o
       760        140          0         28          0      34038   main.o
        76          4          0          0          0        486   output.o
        56         26        192          0       1536        600   startup_stm32f0xx.o
      1512         30          0          0          0       7076   stm32f0xx_flash.o
       496         22          0          0          0       3673   stm32f0xx_gpio.o
        12          0          0          0          0        751   stm32f0xx_it.o
       180         14          0          0          0       1288   stm32f0xx_misc.o
      1528         42          0         16          0       8494   stm32f0xx_rcc.o
      1396         12          0          0          0      12039   stm32f0xx_usart.o
       504         34          0         20          0       1527   system_stm32f0xx.o
       224          8          0          4          0       2826   usart1.o

    ----------------------------------------------------------------------
      7920        368        224         72       1536     163781   Object Totals
         0          0         32          0          0          0   (incl. Generated)
         4          0          0          0          0          0   (incl. Padding)

    ----------------------------------------------------------------------

      Code (inc. data)   RO Data    RW Data    ZI Data      Debug   Library Member Name

         8          0          0          0          0         68   __main.o
       312          6         17          0          0         76   __printf_flags_wp.o
        14          0          0          0          0         60   __printf_wp.o
         0          0          0          0          0          0   __rtentry.o
        12          0          0          0          0          0   __rtentry2.o
         6          0          0          0          0          0   __rtentry4.o
        60          8          0          0          0          0   __scatter.o
        26          0          0          0          0          0   __scatter_copy.o
        28          0          0          0          0          0   __scatter_zi.o
        48          6          0          0          0         88   _printf_char_common.o
        40          6          0          0          0         72   _printf_char_file.o
        10          0          0          0          0          0   _printf_f.o
      1044         14          0          0          0        176   _printf_fp_dec.o
       136         16          0          0          0         76   _printf_fp_infnan.o
         2          0          0          0          0          0   _printf_percent.o
         4          0          0          0          0          0   _printf_percent_end.o
       346          0          0          0          0         92   aeabi_sdiv.o
       200          4        148          0          0         80   bigflt0.o
      1240         12          0          0          0        316   btod.o
        16          0          0          0          0         68   exit.o
         8          0          0          0          0         60   ferror.o
         6          0          0          0          0        136   heapauxi.o
        44         10         28          0          0         76   lc_numeric_c.o
         2          0          0          0          0          0   libinit.o
        18          0          0          0          0          0   libinit2.o
         2          0          0          0          0          0   libshutdown.o
         2          0          0          0          0          0   libshutdown2.o
         8          4          0          0         96         68   libspace.o
       122          0          0          0          0         72   lludiv10.o
        28          6          0          0          0         84   noretval__2printf.o
         8          4          0          0          0         68   rt_locale_intlibspace.o
         2          0          0          0          0          0   rtexit.o
        10          0          0          0          0          0   rtexit2.o
        40          0          0          0          0         60   rtudiv10.o
       136          4          0          0          0         72   strcmp.o
        62          0          0          0          0         80   sys_stackheap_outer.o
         2          0          0          0          0         68   use_no_semi.o
         2          0          0          0          0         68   use_no_semi_2.o
       108         10          0          0          0         72   dfixi.o
        88          0          0          0          0         92   dflti.o
       584         26          0          0          0         84   dmul.o
        84          4          0          0          0         60   f2d.o
        94          0          0          0          0         92   fflti.o
       176          4          0          0          0         80   fmul.o
        16          4          0          0          0         76   printf1.o
         0          0          0          0          0          0   usenofp.o
        44          4          0          0          0         60   fpclassify.o

    ----------------------------------------------------------------------
      5260        152        196          0         96       2700   Library Totals
        12          0          3          0          0          0   (incl. Padding)

    ----------------------------------------------------------------------

      Code (inc. data)   RO Data    RW Data    ZI Data      Debug   Library Name

      4054        100        193          0         96       2084   c_p.l
      1150         48          0          0          0        556   fz_ps.l
        44          4          0          0          0         60   m_ps.l

    ----------------------------------------------------------------------
      5260        152        196          0         96       2700   Library Totals

    ----------------------------------------------------------------------

==============================================================================


      Code (inc. data)   RO Data    RW Data    ZI Data      Debug   

     13180        520        420         72       1632     164185   Grand Totals
     13180        520        420         72       1632     164185   ELF Image Totals
     13180        520        420         72          0          0   ROM Totals

==============================================================================

    Total RO  Size (Code + RO Data)                13600 (  13.28kB)
    Total RW  Size (RW Data + ZI Data)              1704 (   1.66kB)
    Total ROM Size (Code + RO Data + RW Data)      13672 (  13.35kB)

==============================================================================

